******************************************************************************
             TMS320C2000 Linker PC v20.2.0                     
******************************************************************************
>> Linked Mon Aug 23 15:14:34 2021

OUTPUT FILE NAME:   <svpwm.out>
ENTRY POINT SYMBOL: "code_start"  address: 00080000


MEMORY CONFIGURATION

         name            origin    length      used     unused   attr    fill
----------------------  --------  ---------  --------  --------  ----  --------
  BOOT_RSVD             00000002   000001af  00000000  000001af  RWIX
  RAMM0                 000001b1   0000024f  00000000  0000024f  RWIX
  RAMM1                 00000400   000003f8  00000100  000002f8  RWIX
  ADCARESULT            00000b00   00000018  00000018  00000000  RWIX
  ADCBRESULT            00000b20   00000018  00000018  00000000  RWIX
  ADCCRESULT            00000b40   00000018  00000018  00000000  RWIX
  ADCDRESULT            00000b60   00000018  00000018  00000000  RWIX
  CPUTIMER0             00000c00   00000008  00000000  00000008  RWIX
  CPUTIMER1             00000c08   00000008  00000000  00000008  RWIX
  CPUTIMER2             00000c10   00000008  00000000  00000008  RWIX
  PIECTRL               00000ce0   0000001a  0000001a  00000000  RWIX
  PIEVECTTABLE          00000d00   00000200  000001c0  00000040  RWIX
  DMA                   00001000   00000200  00000000  00000200  RWIX
  CLA1                  00001400   00000080  00000000  00000080  RWIX
  CLB1LOGICCFG          00003000   00000052  00000000  00000052  RWIX
  CLB1LOGICCTRL         00003100   00000040  00000000  00000040  RWIX
  CLB1DATAEXCH          00003180   00000080  00000000  00000080  RWIX
  CLB2LOGICCFG          00003200   00000052  00000000  00000052  RWIX
  CLB2LOGICCTRL         00003300   00000040  00000000  00000040  RWIX
  CLB2DATAEXCH          00003380   00000080  00000000  00000080  RWIX
  CLB3LOGICCFG          00003400   00000052  00000000  00000052  RWIX
  CLB3LOGICCTRL         00003500   00000040  00000000  00000040  RWIX
  CLB3DATAEXCH          00003580   00000080  00000000  00000080  RWIX
  CLB4LOGICCFG          00003600   00000052  00000000  00000052  RWIX
  CLB4LOGICCTRL         00003700   00000040  00000000  00000040  RWIX
  CLB4DATAEXCH          00003780   00000080  00000000  00000080  RWIX
  CLB5LOGICCFG          00003800   00000052  00000000  00000052  RWIX
  CLB5LOGICCTRL         00003900   00000040  00000000  00000040  RWIX
  CLB5DATAEXCH          00003980   00000080  00000000  00000080  RWIX
  CLB6LOGICCFG          00003a00   00000052  00000000  00000052  RWIX
  CLB6LOGICCTRL         00003b00   00000040  00000000  00000040  RWIX
  CLB6DATAEXCH          00003b80   00000080  00000000  00000080  RWIX
  CLB7LOGICCFG          00003c00   00000052  00000000  00000052  RWIX
  CLB7LOGICCTRL         00003d00   00000040  00000000  00000040  RWIX
  CLB7DATAEXCH          00003d80   00000080  00000000  00000080  RWIX
  CLB8LOGICCFG          00003e00   00000052  00000000  00000052  RWIX
  CLB8LOGICCTRL         00003f00   00000040  00000000  00000040  RWIX
  CLB8DATAEXCH          00003f80   00000080  00000000  00000080  RWIX
  EPWM1                 00004000   00000100  00000100  00000000  RWIX
  EPWM2                 00004100   00000100  00000100  00000000  RWIX
  EPWM3                 00004200   00000100  00000100  00000000  RWIX
  EPWM4                 00004300   00000100  00000000  00000100  RWIX
  EPWM5                 00004400   00000100  00000000  00000100  RWIX
  EPWM6                 00004500   00000100  00000000  00000100  RWIX
  EPWM7                 00004600   00000100  00000000  00000100  RWIX
  EPWM8                 00004700   00000100  00000000  00000100  RWIX
  EPWM9                 00004800   00000100  00000000  00000100  RWIX
  EPWM10                00004900   00000100  00000000  00000100  RWIX
  EPWM11                00004a00   00000100  00000000  00000100  RWIX
  EPWM12                00004b00   00000100  00000000  00000100  RWIX
  EPWM13                00004c00   00000100  00000000  00000100  RWIX
  EPWM14                00004d00   00000100  00000000  00000100  RWIX
  EPWM15                00004e00   00000100  00000000  00000100  RWIX
  EPWM16                00004f00   00000100  00000000  00000100  RWIX
  EQEP1                 00005100   00000040  00000000  00000040  RWIX
  EQEP2                 00005140   00000040  00000000  00000040  RWIX
  EQEP3                 00005180   00000040  00000000  00000040  RWIX
  ECAP1                 00005200   00000020  00000000  00000020  RWIX
  ECAP2                 00005240   00000020  00000000  00000020  RWIX
  ECAP3                 00005280   00000020  00000000  00000020  RWIX
  ECAP4                 000052c0   00000020  00000000  00000020  RWIX
  ECAP5                 00005300   00000020  00000000  00000020  RWIX
  ECAP6                 00005340   00000020  00000000  00000020  RWIX
  HRCAP6                00005360   00000020  00000000  00000020  RWIX
  ECAP7                 00005380   00000020  00000000  00000020  RWIX
  HRCAP7                000053a0   00000020  00000000  00000020  RWIX
  DACA                  00005c00   00000008  00000000  00000008  RWIX
  DACB                  00005c10   00000008  00000000  00000008  RWIX
  DACC                  00005c20   00000008  00000000  00000008  RWIX
  CMPSS1                00005c80   00000020  00000000  00000020  RWIX
  CMPSS2                00005ca0   00000020  00000000  00000020  RWIX
  CMPSS3                00005cc0   00000020  00000000  00000020  RWIX
  CMPSS4                00005ce0   00000020  00000000  00000020  RWIX
  CMPSS5                00005d00   00000020  00000000  00000020  RWIX
  CMPSS6                00005d20   00000020  00000000  00000020  RWIX
  CMPSS7                00005d40   00000020  00000000  00000020  RWIX
  CMPSS8                00005d60   00000020  00000000  00000020  RWIX
  SDFM1                 00005e00   00000080  00000000  00000080  RWIX
  SDFM2                 00005e80   00000080  00000000  00000080  RWIX
  MCBSPA                00006000   00000024  00000000  00000024  RWIX
  MCBSPB                00006040   00000024  00000000  00000024  RWIX
  SPIA                  00006100   00000010  00000000  00000010  RWIX
  SPIB                  00006110   00000010  00000000  00000010  RWIX
  SPIC                  00006120   00000010  00000000  00000010  RWIX
  SPID                  00006130   00000010  00000000  00000010  RWIX
  BGCRCCPU              00006340   00000040  00000000  00000040  RWIX
  BGCRCCLA1             00006380   00000040  00000000  00000040  RWIX
  PMBUSA                00006400   00000020  00000000  00000020  RWIX
  FSITXA                00006600   00000050  00000000  00000050  RWIX
  FSIRXA                00006680   00000050  00000000  00000050  RWIX
  FSITXB                00006700   00000050  00000000  00000050  RWIX
  FSIRXB                00006780   00000050  00000000  00000050  RWIX
  FSIRXC                00006880   00000050  00000000  00000050  RWIX
  FSIRXD                00006980   00000050  00000000  00000050  RWIX
  FSIRXE                00006a80   00000050  00000000  00000050  RWIX
  FSIRXF                00006b80   00000050  00000000  00000050  RWIX
  FSIRXG                00006c80   00000050  00000000  00000050  RWIX
  FSIRXH                00006d80   00000050  00000000  00000050  RWIX
  WD                    00007000   0000002b  0000002b  00000000  RWIX
  NMIINTRUPT            00007060   00000010  00000000  00000010  RWIX
  XINT                  00007070   0000000b  00000000  0000000b  RWIX
  SCIA                  00007200   00000010  00000000  00000010  RWIX
  SCIB                  00007210   00000010  00000000  00000010  RWIX
  SCIC                  00007220   00000010  00000000  00000010  RWIX
  SCID                  00007230   00000010  00000000  00000010  RWIX
  I2CA                  00007300   00000022  00000000  00000022  RWIX
  I2CB                  00007340   00000022  00000000  00000022  RWIX
  ADCA                  00007400   00000080  0000007c  00000004  RWIX
  ADCB                  00007480   00000080  0000007c  00000004  RWIX
  ADCC                  00007500   00000080  0000007c  00000004  RWIX
  ADCD                  00007580   00000080  0000007c  00000004  RWIX
  INPUTXBAR             00007900   00000020  00000000  00000020  RWIX
  XBAR                  00007920   00000020  00000000  00000020  RWIX
  SYNCSOC               00007940   00000006  00000000  00000006  RWIX
  CLBINPUTXBAR          00007960   00000020  00000000  00000020  RWIX
  DMACLASRCSEL          00007980   0000001a  00000000  0000001a  RWIX
  EPWMXBAR              00007a00   00000040  00000000  00000040  RWIX
  CLBXBAR               00007a40   00000040  00000000  00000040  RWIX
  OUTPUTXBAR            00007a80   00000040  00000000  00000040  RWIX
  CLBOUTPUTXBAR         00007bc0   00000040  00000000  00000040  RWIX
  GPIOCTRL              00007c00   00000200  00000180  00000080  RWIX
  GPIODATA              00007f00   00000040  00000030  00000010  RWIX
  GPIODATAREAD          00007f80   00000010  00000000  00000010  RWIX
  RAMLS0                00008000   00000800  00000029  000007d7  RWIX
  RAMLS1                00008800   00000800  00000000  00000800  RWIX
  RAMLS2                00009000   00000800  00000000  00000800  RWIX
  RAMLS3                00009800   00000800  00000000  00000800  RWIX
  RAMLS4                0000a000   00000800  00000000  00000800  RWIX
  RAMLS5                0000a800   00000800  000004ec  00000314  RWIX
  RAMLS6                0000b000   00000800  00000000  00000800  RWIX
  RAMLS7                0000b800   00000800  00000000  00000800  RWIX
  RAMD0                 0000c000   00000800  00000000  00000800  RWIX
  RAMD1                 0000c800   00000800  00000000  00000800  RWIX
  RAMGS0                0000d000   00001000  00000000  00001000  RWIX
  RAMGS1                0000e000   00001000  00000000  00001000  RWIX
  RAMGS2                0000f000   00001000  00000000  00001000  RWIX
  RAMGS3                00010000   00001000  00000000  00001000  RWIX
  RAMGS4                00011000   00001000  00000000  00001000  RWIX
  RAMGS5                00012000   00001000  00000000  00001000  RWIX
  RAMGS6                00013000   00001000  00000000  00001000  RWIX
  RAMGS7                00014000   00001000  00000000  00001000  RWIX
  RAMGS8                00015000   00001000  00000000  00001000  RWIX
  RAMGS9                00016000   00001000  00000000  00001000  RWIX
  RAMGS10               00017000   00001000  00000000  00001000  RWIX
  RAMGS11               00018000   00001000  00000000  00001000  RWIX
  RAMGS12               00019000   00001000  00000000  00001000  RWIX
  RAMGS13               0001a000   00001000  00000000  00001000  RWIX
  RAMGS14               0001b000   00001000  00000000  00001000  RWIX
  RAMGS15               0001c000   00000ff8  00000000  00000ff8  RWIX
  CMTOCPURAM            00038000   00000800  00000000  00000800  RWIX
  CPUTOCMRAM            00039000   00000800  00000000  00000800  RWIX
  CPU1TOCPU2RAM         0003a000   00000800  00000000  00000800  RWIX
  CPU2TOCPU1RAM         0003b000   00000800  00000000  00000800  RWIX
  EMIF1                 00047000   00000070  00000000  00000070  RWIX
  EMIF2                 00047800   00000070  00000000  00000070  RWIX
  CANA                  00048000   00000200  00000000  00000200  RWIX
  CANA_MSG_RAM          00049000   00000800  00000000  00000800  RWIX
  CANB                  0004a000   00000200  00000000  00000200  RWIX
  CANB_MSG_RAM          0004b000   00000800  00000000  00000800  RWIX
  ESCSS                 00057e00   00000024  00000000  00000024  RWIX
  ESCSSCONFIG           00057f00   00000016  00000000  00000016  RWIX
  CPU1TOCPU2IPC         0005ce00   00000026  00000000  00000026  RWIX
  CPU1TOCMIPC           0005ce40   00000026  00000000  00000026  RWIX
  DEVCFG                0005d000   000001a0  000001a0  00000000  RWIX
  CLKCFG                0005d200   00000100  0000003a  000000c6  RWIX
  CPUSYS                0005d300   000000a0  0000009c  00000004  RWIX
  SYSSTATUS             0005d400   00000100  00000000  00000100  RWIX
  SYSPERIPHAC           0005d500   00000200  00000000  00000200  RWIX
  ANALOGSUBSYS          0005d700   00000100  0000003e  000000c2  RWIX
  CMCONF                0005dc00   00000400  00000000  00000400  RWIX
  DCC0                  0005e700   00000038  0000002c  0000000c  RWIX
  DCC1                  0005e740   00000038  0000002c  0000000c  RWIX
  DCC2                  0005e780   00000038  0000002c  0000000c  RWIX
  ERADGLOBAL            0005e800   00000013  00000000  00000013  RWIX
  ERADHWBP1             0005e900   00000008  00000000  00000008  RWIX
  ERADHWBP2             0005e908   00000008  00000000  00000008  RWIX
  ERADHWBP3             0005e910   00000008  00000000  00000008  RWIX
  ERADHWBP4             0005e918   00000008  00000000  00000008  RWIX
  ERADHWBP5             0005e920   00000008  00000000  00000008  RWIX
  ERADHWBP6             0005e928   00000008  00000000  00000008  RWIX
  ERADHWBP7             0005e930   00000008  00000000  00000008  RWIX
  ERADHWBP8             0005e938   00000008  00000000  00000008  RWIX
  ERADCOUNTER1          0005e980   00000010  00000000  00000010  RWIX
  ERADCOUNTER2          0005e990   00000010  00000000  00000010  RWIX
  ERADCOUNTER3          0005e9a0   00000010  00000000  00000010  RWIX
  ERADCOUNTER4          0005e9b0   00000010  00000000  00000010  RWIX
  ERADCRCGLOBAL         0005ea00   00000010  00000000  00000010  RWIX
  ERADCRC1              0005ea10   00000010  00000000  00000010  RWIX
  ERADCRC2              0005ea20   00000010  00000000  00000010  RWIX
  ERADCRC3              0005ea30   00000010  00000000  00000010  RWIX
  ERADCRC4              0005ea40   00000010  00000000  00000010  RWIX
  ERADCRC5              0005ea50   00000010  00000000  00000010  RWIX
  ERADCRC6              0005ea60   00000010  00000000  00000010  RWIX
  ERADCRC7              0005ea70   00000010  00000000  00000010  RWIX
  ERADCRC8              0005ea80   00000010  00000000  00000010  RWIX
  DCSMZ1                0005f000   0000003e  00000000  0000003e  RWIX
  DCSMZ2                0005f080   0000003e  00000000  0000003e  RWIX
  DCSMCOMMON            0005f0c0   00000020  00000000  00000020  RWIX
  MEMCFG                0005f400   000000c0  00000000  000000c0  RWIX
  EMIF1CONFIG           0005f4c0   00000020  00000000  00000020  RWIX
  EMIF2CONFIG           0005f4e0   00000020  00000000  00000020  RWIX
  ACCESSPROTECTION      0005f500   00000040  00000000  00000040  RWIX
  MEMORYERROR           0005f540   00000040  00000000  00000040  RWIX
  ROMWAITSTATE          0005f580   00000008  00000000  00000008  RWIX
  ROMPREFETCH           0005f588   00000008  00000000  00000008  RWIX
  TESTERROR             0005f590   00000010  00000000  00000010  RWIX
  FLASH0CTRL            0005f800   00000182  00000182  00000000  RWIX
  FLASH0ECC             0005fb00   00000028  00000028  00000000  RWIX
  DCSMZ1OTP             00078000   00000020  00000000  00000020  RWIX
  DCSMZ2OTP             00078200   00000020  00000000  00000020  RWIX
  BEGIN                 00080000   00000002  00000002  00000000  RWIX
  FLASH0                00080002   00001ffe  00000000  00001ffe  RWIX
  FLASH1                00082000   00002000  00002000  00000000  RWIX
  FLASH2                00084000   00002000  00001478  00000b88  RWIX
  FLASH3                00086000   00002000  00000029  00001fd7  RWIX
  FLASH4                00088000   00008000  00000048  00007fb8  RWIX
  FLASH5                00090000   00008000  0000064c  000079b4  RWIX
  FLASH6                00098000   00008000  00000000  00008000  RWIX
  FLASH7                000a0000   00008000  00000000  00008000  RWIX
  FLASH8                000a8000   00008000  00000000  00008000  RWIX
  FLASH9                000b0000   00008000  00000000  00008000  RWIX
  FLASH10               000b8000   00002000  00000000  00002000  RWIX
  FLASH11               000ba000   00002000  00000000  00002000  RWIX
  FLASH12               000bc000   00002000  00000000  00002000  RWIX
  FLASH13               000be000   00001ff0  00000000  00001ff0  RWIX
  RESET                 003fffc0   00000002  00000000  00000002  RWIX


SECTION ALLOCATION MAP

 output                                  attributes/
section   page    origin      length       input sections
--------  ----  ----------  ----------   ----------------
codestart 
*          0    00080000    00000002     
                  00080000    00000002     f2838x_codestartbranch.obj (codestart)

.cinit     0    00088000    00000048     
                  00088000    0000002d     (.cinit..data.load) [load image, compression = lzss]
                  0008802d    00000001     --HOLE-- [fill = 0]
                  0008802e    00000006     (__TI_handler_table)
                  00088034    00000004     (.cinit..bss.load) [load image, compression = zero_init]
                  00088038    00000004     (.cinit.PieVectTableFile.load) [load image, compression = zero_init]
                  0008803c    0000000c     (__TI_cinit_table)

.reset     0    003fffc0    00000000     DSECT

.stack     0    00000400    00000100     UNINITIALIZED
                  00000400    00000100     --HOLE--

.init_array 
*          0    00082000    00000000     UNINITIALIZED

.bss       0    0000acc6    00000026     UNINITIALIZED
                  0000acc6    00000022     svpwm_main.obj (.bss)
                  0000ace8    00000004     program.obj (.bss)

PieVectTableFile 
*          0    00000d00    000001c0     UNINITIALIZED
                  00000d00    000001c0     f2838x_globalvariabledefs.obj (PieVectTableFile)

EmuKeyVar 
*          0    00000d00    00000000     UNINITIALIZED

EmuBModeVar 
*          0    00000d00    00000000     UNINITIALIZED

EmuBootPinsVar 
*          0    00000d00    00000000     UNINITIALIZED

FlashCallbackVar 
*          0    00000d00    00000000     UNINITIALIZED

FlashScalingVar 
*          0    00000d00    00000000     UNINITIALIZED

.data      0    0000a800    000004c6     UNINITIALIZED
                  0000a800    00000190     svpwm_main.obj (.data:ibb)
                  0000a990    00000190     svpwm_main.obj (.data:ii)
                  0000ab20    000000c8     svpwm_main.obj (.data:iad)
                  0000abe8    00000006     svpwm_main.obj (.data:Ia_Buffer)
                  0000abee    00000006     svpwm_main.obj (.data:Ib_Buffer)
                  0000abf4    00000006     rts2800_fpu64_eabi.lib : exit.c.obj (.data)
                  0000abfa    00000004     program.obj (.data:Position_Rota)
                  0000abfe    00000002     rts2800_fpu64_eabi.lib : _lock.c.obj (.data:_lock)
                  0000ac00    0000007c     program.obj (.data)
                  0000ac7c    00000002     rts2800_fpu64_eabi.lib : _lock.c.obj (.data:_unlock)
                  0000ac7e    00000001                            : errno.c.obj (.data)
                  0000ac7f    00000001     --HOLE--
                  0000ac80    00000026     svpwm_main.obj (.data)
                  0000aca6    00000020     clb_config.obj (.data:TILE1HLCInstr)

.const     0    00090000    0000064c     
                  00090000    000001c0     f2838x_pievect.obj (.const)
                  000901c0    000000eb     driverlib.lib : gpio.obj (.const:.string)
                  000902ab    00000001     --HOLE-- [fill = 0]
                  000902ac    000000e8                   : clb.obj (.const:.string)
                  00090394    000000e3     program2.obj (.const:.string)
                  00090477    00000001     --HOLE-- [fill = 0]
                  00090478    00000095     svpwm_main.obj (.const:.string)
                  0009050d    00000001     --HOLE-- [fill = 0]
                  0009050e    00000084     rts2800_fpu64_eabi.lib : k_rem_pio2.c.obj (.const:ipio2)
                  00090592    0000004b     eqep_ex2_calculation.obj (.const:.string)
                  000905dd    00000001     --HOLE-- [fill = 0]
                  000905de    0000004a     clb_config.obj (.const:.string)
                  00090628    00000020     rts2800_fpu64_eabi.lib : k_rem_pio2.c.obj (.const:PIo2)
                  00090648    00000004                            : k_rem_pio2.c.obj (.const:init_jk)

.TI.ramfunc 
*          0    00086000    00000029     RUN ADDR = 00008000
                  00086000    00000025     f2838x_sysctrl.obj (.TI.ramfunc:InitFlash)
                  00086025    00000004     f2838x_usdelay.obj (.TI.ramfunc)

AdcaResultRegsFile 
*          0    00000b00    00000018     UNINITIALIZED
                  00000b00    00000018     f2838x_globalvariabledefs.obj (AdcaResultRegsFile)

AdcbResultRegsFile 
*          0    00000b20    00000018     UNINITIALIZED
                  00000b20    00000018     f2838x_globalvariabledefs.obj (AdcbResultRegsFile)

AdccResultRegsFile 
*          0    00000b40    00000018     UNINITIALIZED
                  00000b40    00000018     f2838x_globalvariabledefs.obj (AdccResultRegsFile)

AdcdResultRegsFile 
*          0    00000b60    00000018     UNINITIALIZED
                  00000b60    00000018     f2838x_globalvariabledefs.obj (AdcdResultRegsFile)

AdcaRegsFile 
*          0    00007400    0000007c     UNINITIALIZED
                  00007400    0000007c     f2838x_globalvariabledefs.obj (AdcaRegsFile)

AdcbRegsFile 
*          0    00007480    0000007c     UNINITIALIZED
                  00007480    0000007c     f2838x_globalvariabledefs.obj (AdcbRegsFile)

AdccRegsFile 
*          0    00007500    0000007c     UNINITIALIZED
                  00007500    0000007c     f2838x_globalvariabledefs.obj (AdccRegsFile)

AdcdRegsFile 
*          0    00007580    0000007c     UNINITIALIZED
                  00007580    0000007c     f2838x_globalvariabledefs.obj (AdcdRegsFile)

AnalogSubsysRegsFile 
*          0    0005d700    0000003e     UNINITIALIZED
                  0005d700    0000003e     f2838x_globalvariabledefs.obj (AnalogSubsysRegsFile)

ClkCfgRegsFile 
*          0    0005d200    0000003a     UNINITIALIZED
                  0005d200    0000003a     f2838x_globalvariabledefs.obj (ClkCfgRegsFile)

CpuSysRegsFile 
*          0    0005d300    0000009c     UNINITIALIZED
                  0005d300    0000009c     f2838x_globalvariabledefs.obj (CpuSysRegsFile)

Dcc0RegsFile 
*          0    0005e700    0000002c     UNINITIALIZED
                  0005e700    0000002c     f2838x_globalvariabledefs.obj (Dcc0RegsFile)

Dcc1RegsFile 
*          0    0005e740    0000002c     UNINITIALIZED
                  0005e740    0000002c     f2838x_globalvariabledefs.obj (Dcc1RegsFile)

Dcc2RegsFile 
*          0    0005e780    0000002c     UNINITIALIZED
                  0005e780    0000002c     f2838x_globalvariabledefs.obj (Dcc2RegsFile)

DevCfgRegsFile 
*          0    0005d000    000001a0     UNINITIALIZED
                  0005d000    000001a0     f2838x_globalvariabledefs.obj (DevCfgRegsFile)

EPwm1RegsFile 
*          0    00004000    00000100     UNINITIALIZED
                  00004000    00000100     f2838x_globalvariabledefs.obj (EPwm1RegsFile)

EPwm2RegsFile 
*          0    00004100    00000100     UNINITIALIZED
                  00004100    00000100     f2838x_globalvariabledefs.obj (EPwm2RegsFile)

EPwm3RegsFile 
*          0    00004200    00000100     UNINITIALIZED
                  00004200    00000100     f2838x_globalvariabledefs.obj (EPwm3RegsFile)

Flash0CtrlRegsFile 
*          0    0005f800    00000182     UNINITIALIZED
                  0005f800    00000182     f2838x_globalvariabledefs.obj (Flash0CtrlRegsFile)

Flash0EccRegsFile 
*          0    0005fb00    00000028     UNINITIALIZED
                  0005fb00    00000028     f2838x_globalvariabledefs.obj (Flash0EccRegsFile)

GpioCtrlRegsFile 
*          0    00007c00    00000180     UNINITIALIZED
                  00007c00    00000180     f2838x_globalvariabledefs.obj (GpioCtrlRegsFile)

GpioDataRegsFile 
*          0    00007f00    00000030     UNINITIALIZED
                  00007f00    00000030     f2838x_globalvariabledefs.obj (GpioDataRegsFile)

PieCtrlRegsFile 
*          0    00000ce0    0000001a     UNINITIALIZED
                  00000ce0    0000001a     f2838x_globalvariabledefs.obj (PieCtrlRegsFile)

WdRegsFile 
*          0    00007000    0000002b     UNINITIALIZED
                  00007000    0000002b     f2838x_globalvariabledefs.obj (WdRegsFile)

.text.1    0    00082000    00002000     
                  00082000    0000045f     rts2800_fpu64_eabi.lib : k_rem_pio2.c.obj (.text)
                  0008245f    000003d8     program.obj (.text:SVPWM)
                  00082837    00000374     svpwm_main.obj (.text:epwm1_isr)
                  00082bab    00000001     rts2800_fpu64_eabi.lib : startup.c.obj (.text)
                  00082bac    000002d3                            : e_rem_pio2.c.obj (.text)
                  00082e7f    00000262     program.obj (.text:Position_Calculate)
                  000830e1    00000121     f2838x_gpio.obj (.text:GPIO_SetupPinMux)
                  00083202    000000fe     f2838x_gpio.obj (.text:GPIO_SetupPinOptions)
                  00083300    000000f6     program2.obj (.text:SetupADCSoftware)
                  000833f6    000000e6     f2838x_sysctrl.obj (.text:InitSysPll)
                  000834dc    000000da     rts2800_fpu64_eabi.lib : s_floor.c.obj (.text)
                  000835b6    000000d9                            : s_ceil.c.obj (.text)
                  0008368f    000000be     clb_config.obj (.text:initTILE1)
                  0008374d    000000bb     f2838x_adc.obj (.text:AdcSetMode)
                  00083808    000000b5     f2838x_sysctrl.obj (.text:IsPLLValid)
                  000838bd    000000b2     f2838x_sysctrl.obj (.text:InitPeripheralClocks)
                  0008396f    000000af     f2838x_sysctrl.obj (.text:VerifyXTAL)
                  00083a1e    000000ac     f2838x_sysctrl.obj (.text:InitAuxPll)
                  00083aca    000000a7     rts2800_fpu64_eabi.lib : s_scalbn.c.obj (.text)
                  00083b71    00000097     f2838x_sysctrl.obj (.text:ComputeCntrSeedValue)
                  00083c08    0000008b     rts2800_fpu64_eabi.lib : k_sin.c.obj (.text)
                  00083c93    00000088                            : fs_div28.asm.obj (.text)
                  00083d1b    00000077     program2.obj (.text:InitEPwm1Example)
                  00083d92    00000077     rts2800_fpu64_eabi.lib : k_cos.c.obj (.text)
                  00083e09    00000073     program2.obj (.text:InitEPwm2Example)
                  00083e7c    00000073     program2.obj (.text:InitEPwm3Example)
                  00083eef    0000006f     rts2800_fpu64_eabi.lib : s_cos.c.obj (.text)
                  00083f5e    0000006b                            : s_sin.c.obj (.text)
                  00083fc9    00000037     driverlib.lib : gpio.obj (.text:GPIO_setPinConfig)

.text.2    0    00084000    00001478     
                  00084000    0000005d     program.obj (.text:Inverse_PARK)
                  0008405d    0000005d     program.obj (.text:PARK)
                  000840ba    0000005b     program2.obj (.text:EPWM_isBaseValid)
                  00084115    0000005b     f2838x_sysctrl.obj (.text:InitSysCtrl)
                  00084170    0000005b     svpwm_main.obj (.text:main)
                  000841cb    00000059     driverlib.lib : clb.obj (.text:CLB_configCounterLoadMatch)
                  00084224    00000056     program2.obj (.text:ConfigureADC)
                  0008427a    00000056     f2838x_gpio.obj (.text:InitGpio)
                  000842d0    00000054     eqep_ex2_calculation.obj (.text:initEQEP)
                  00084324    00000052     driverlib.lib : gpio.obj (.text:GPIO_setPadConfig)
                  00084376    0000003e     program.obj (.text:sCalculation)
                  000843b4    0000003d     f2838x_adc.obj (.text:CalAdcINL)
                  000843f1    0000003b     program2.obj (.text:InitGPIOset)
                  0008442c    00000039     program2.obj (.text:EPWM_setFallingEdgeDeadBandDelayInput)
                  00084465    00000033     clb_config.obj (.text:CLB_isBaseValid)
                  00084498    00000033     driverlib.lib : clb.obj (.text:CLB_isBaseValid)
                  000844cb    00000033     svpwm_main.obj (.text:CLB_isBaseValid)
                  000844fe    00000033     clb_config.obj (.text:CLB_writeInterface)
                  00084531    00000033     driverlib.lib : clb.obj (.text:CLB_writeInterface)
                  00084564    00000031                   : gpio.obj (.text:GPIO_setDirectionMode)
                  00084595    00000031     rts2800_fpu64_eabi.lib : copy_decompress_lzss.c.obj (.text:decompress:lzss)
                  000845c6    0000002d     program.obj (.text:CLARK)
                  000845f3    0000002d     program2.obj (.text:EPWM_setDeadBandDelayMode)
                  00084620    0000002b     clb_config.obj (.text:CLB_setHLCRegisters)
                  0008464b    0000002b     rts2800_fpu64_eabi.lib : autoinit.c.obj (.text:__TI_auto_init_nobinit_nopinit)
                  00084676    0000002a                            : s_copysign.c.obj (.text)
                  000846a0    00000029     program2.obj (.text:EPWM_setRisingEdgeDeadBandDelayInput)
                  000846c9    00000029     rts2800_fpu64_eabi.lib : exit.c.obj (.text)
                  000846f2    00000026     f2838x_pievect.obj (.text:InitPieVectTable)
                  00084718    00000025     clb_config.obj (.text:CLB_selectFSMInputs)
                  0008473d    00000025     clb_config.obj (.text:CLB_selectLUT4Inputs)
                  00084762    00000025     program2.obj (.text:EPWM_setDeadBandDelayPolarity)
                  00084787    00000025     program.obj (.text:ePWMGen)
                  000847ac    00000023     f2838x_sysctrl.obj (.text:SysXtalOscSel)
                  000847cf    00000022     rts2800_fpu64_eabi.lib : i_div28.asm.obj (.text)
                  000847f1    00000021     clb_config.obj (.text:CLB_programHLCInstruction)
                  00084812    00000020     clb_config.obj (.text:CLB_configFSMNextState)
                  00084832    0000001f     clb_config.obj (.text:CLB_selectCounterInputs)
                  00084851    0000001f     program2.obj (.text:EPWM_setFallingEdgeDelayCount)
                  00084870    0000001f     program2.obj (.text:EPWM_setRisingEdgeDelayCount)
                  0008488f    0000001f     f2838x_piectrl.obj (.text:InitPieCtrl)
                  000848ae    0000001e     eqep_ex2_calculation.obj (.text:EQEP_setEmulationMode)
                  000848cc    0000001e     eqep_ex2_calculation.obj (.text:EQEP_setPositionCounterConfig)
                  000848ea    0000001e     f2838x_sysctrl.obj (.text:PollX1Counter)
                  00084908    0000001d     eqep_ex2_calculation.obj (.text:EQEP_setCaptureConfig)
                  00084925    0000001d     eqep_ex2_calculation.obj (.text:EQEP_setSWPositionInit)
                  00084942    0000001d     rts2800_fpu64_eabi.lib : memcpy.c.obj (.text)
                  0008495f    0000001c     clb_config.obj (.text:CLB_configOutputLUT)
                  0008497b    0000001b     clb_config.obj (.text:CLB_configFSMLUTFunction)
                  00084996    0000001b     clb_config.obj (.text:CLB_configLUT4Function)
                  000849b1    0000001b     eqep_ex2_calculation.obj (.text:EQEP_setDecoderConfig)
                  000849cc    0000001b     eqep_ex2_calculation.obj (.text:EQEP_setQMAModuleMode)
                  000849e7    0000001a     eqep_ex2_calculation.obj (.text:EQEP_isBaseValid)
                  00084a01    0000001a     svpwm_main.obj (.text:EQEP_isBaseValid)
                  00084a1b    0000001a     eqep_ex2_calculation.obj (.text:EQEP_setLatchMode)
                  00084a35    00000019     svpwm_main.obj (.text:CLB_enableCLB)
                  00084a4e    00000019     eqep_ex2_calculation.obj (.text:EQEP_enableUnitTimer)
                  00084a67    00000019     f2838x_gpio.obj (.text:GPIO_EnableUnbondedIOPullupsFor176Pin)
                  00084a80    00000019     rts2800_fpu64_eabi.lib : boot28.asm.obj (.text)
                  00084a99    00000018     svpwm_main.obj (.text:SysCtl_enablePeripheral)
                  00084ab1    00000018     rts2800_fpu64_eabi.lib : ll_aox28.asm.obj (.text)
                  00084ac9    00000016     clb_config.obj (.text:CLB_configHLCEventSelect)
                  00084adf    00000016     clb_config.obj (.text:CLB_configMiscCtrlModes)
                  00084af5    00000016     f2838x_sysctrl.obj (.text:SysXtalOscSESel)
                  00084b0b    00000014     eqep_ex2_calculation.obj (.text:EQEP_enableCapture)
                  00084b1f    00000014     eqep_ex2_calculation.obj (.text:EQEP_enableModule)
                  00084b33    00000014     eqep_ex2_calculation.obj (.text:EQEP_loadUnitTimer)
                  00084b47    00000014     f2838x_epwm.obj (.text:InitEPwm3Gpio)
                  00084b5b    00000012     eqep_ex2_calculation.obj (.text:EQEP_setInitialPosition)
                  00084b6d    00000012     f2838x_epwm.obj (.text:InitEPwm1Gpio)
                  00084b7f    00000012     f2838x_epwm.obj (.text:InitEPwm2Gpio)
                  00084b91    00000011     f2838x_sysctrl.obj (.text:AuxXtalOscSESel)
                  00084ba2    00000011     f2838x_sysctrl.obj (.text:AuxXtalOscSel)
                  00084bb3    00000011     svpwm_main.obj (.text:EQEP_getPosition)
                  00084bc4    0000000e     clb_config.obj (.text:CLB_isAddressValid)
                  00084bd2    0000000e     driverlib.lib : clb.obj (.text:CLB_isAddressValid)
                  00084be0    0000000e     f2838x_sysctrl.obj (.text:DisableDog)
                  00084bee    0000000e     f2838x_gpio.obj (.text:GPIO_EnableUnbondedIOPullups)
                  00084bfc    0000000e     driverlib.lib : gpio.obj (.text:GPIO_isPinValid)
                  00084c0a    0000000d     f2838x_defaultisr.obj (.text:EMPTY_ISR)
                  00084c17    0000000d     rts2800_fpu64_eabi.lib : copy_zero_init.c.obj (.text:decompress:ZI:__TI_zero_init_nomemset)
                  00084c24    0000000c                            : args_main.c.obj (.text)
                  00084c30    0000000a     f2838x_defaultisr.obj (.text:ADCA1_ISR)
                  00084c3a    0000000a     f2838x_defaultisr.obj (.text:ADCA2_ISR)
                  00084c44    0000000a     f2838x_defaultisr.obj (.text:ADCA3_ISR)
                  00084c4e    0000000a     f2838x_defaultisr.obj (.text:ADCA4_ISR)
                  00084c58    0000000a     f2838x_defaultisr.obj (.text:ADCA_EVT_ISR)
                  00084c62    0000000a     f2838x_defaultisr.obj (.text:ADCB1_ISR)
                  00084c6c    0000000a     f2838x_defaultisr.obj (.text:ADCB2_ISR)
                  00084c76    0000000a     f2838x_defaultisr.obj (.text:ADCB3_ISR)
                  00084c80    0000000a     f2838x_defaultisr.obj (.text:ADCB4_ISR)
                  00084c8a    0000000a     f2838x_defaultisr.obj (.text:ADCB_EVT_ISR)
                  00084c94    0000000a     f2838x_defaultisr.obj (.text:ADCC1_ISR)
                  00084c9e    0000000a     f2838x_defaultisr.obj (.text:ADCC2_ISR)
                  00084ca8    0000000a     f2838x_defaultisr.obj (.text:ADCC3_ISR)
                  00084cb2    0000000a     f2838x_defaultisr.obj (.text:ADCC4_ISR)
                  00084cbc    0000000a     f2838x_defaultisr.obj (.text:ADCC_EVT_ISR)
                  00084cc6    0000000a     f2838x_defaultisr.obj (.text:ADCD1_ISR)
                  00084cd0    0000000a     f2838x_defaultisr.obj (.text:ADCD2_ISR)
                  00084cda    0000000a     f2838x_defaultisr.obj (.text:ADCD3_ISR)
                  00084ce4    0000000a     f2838x_defaultisr.obj (.text:ADCD4_ISR)
                  00084cee    0000000a     f2838x_defaultisr.obj (.text:ADCD_EVT_ISR)
                  00084cf8    0000000a     f2838x_sysctrl.obj (.text:AuxAuxClkSel)
                  00084d02    0000000a     f2838x_defaultisr.obj (.text:CANA0_ISR)
                  00084d0c    0000000a     f2838x_defaultisr.obj (.text:CANA1_ISR)
                  00084d16    0000000a     f2838x_defaultisr.obj (.text:CANB0_ISR)
                  00084d20    0000000a     f2838x_defaultisr.obj (.text:CANB1_ISR)
                  00084d2a    0000000a     f2838x_defaultisr.obj (.text:CIPC0_ISR)
                  00084d34    0000000a     f2838x_defaultisr.obj (.text:CIPC1_ISR)
                  00084d3e    0000000a     f2838x_defaultisr.obj (.text:CIPC2_ISR)
                  00084d48    0000000a     f2838x_defaultisr.obj (.text:CIPC3_ISR)
                  00084d52    0000000a     f2838x_defaultisr.obj (.text:CLA1CRC_ISR)
                  00084d5c    0000000a     f2838x_defaultisr.obj (.text:CLA1_1_ISR)
                  00084d66    0000000a     f2838x_defaultisr.obj (.text:CLA1_2_ISR)
                  00084d70    0000000a     f2838x_defaultisr.obj (.text:CLA1_3_ISR)
                  00084d7a    0000000a     f2838x_defaultisr.obj (.text:CLA1_4_ISR)
                  00084d84    0000000a     f2838x_defaultisr.obj (.text:CLA1_5_ISR)
                  00084d8e    0000000a     f2838x_defaultisr.obj (.text:CLA1_6_ISR)
                  00084d98    0000000a     f2838x_defaultisr.obj (.text:CLA1_7_ISR)
                  00084da2    0000000a     f2838x_defaultisr.obj (.text:CLA1_8_ISR)
                  00084dac    0000000a     f2838x_defaultisr.obj (.text:CLA_OVERFLOW_ISR)
                  00084db6    0000000a     f2838x_defaultisr.obj (.text:CLA_UNDERFLOW_ISR)
                  00084dc0    0000000a     f2838x_defaultisr.obj (.text:CLB1_ISR)
                  00084dca    0000000a     f2838x_defaultisr.obj (.text:CLB2_ISR)
                  00084dd4    0000000a     f2838x_defaultisr.obj (.text:CLB3_ISR)
                  00084dde    0000000a     f2838x_defaultisr.obj (.text:CLB4_ISR)
                  00084de8    0000000a     f2838x_defaultisr.obj (.text:CLB5_ISR)
                  00084df2    0000000a     f2838x_defaultisr.obj (.text:CLB6_ISR)
                  00084dfc    0000000a     f2838x_defaultisr.obj (.text:CLB7_ISR)
                  00084e06    0000000a     f2838x_defaultisr.obj (.text:CLB8_ISR)
                  00084e10    0000000a     f2838x_defaultisr.obj (.text:CMTOCPUXIPC0_ISR)
                  00084e1a    0000000a     f2838x_defaultisr.obj (.text:CMTOCPUXIPC1_ISR)
                  00084e24    0000000a     f2838x_defaultisr.obj (.text:CMTOCPUXIPC2_ISR)
                  00084e2e    0000000a     f2838x_defaultisr.obj (.text:CMTOCPUXIPC3_ISR)
                  00084e38    0000000a     f2838x_defaultisr.obj (.text:CMTOCPUXIPC4_ISR)
                  00084e42    0000000a     f2838x_defaultisr.obj (.text:CMTOCPUXIPC5_ISR)
                  00084e4c    0000000a     f2838x_defaultisr.obj (.text:CMTOCPUXIPC6_ISR)
                  00084e56    0000000a     f2838x_defaultisr.obj (.text:CMTOCPUXIPC7_ISR)
                  00084e60    0000000a     f2838x_defaultisr.obj (.text:CM_STATUS_ISR)
                  00084e6a    0000000a     f2838x_defaultisr.obj (.text:CPUCRC_ISR)
                  00084e74    0000000a     f2838x_defaultisr.obj (.text:DATALOG_ISR)
                  00084e7e    0000000a     f2838x_defaultisr.obj (.text:DMA_CH1_ISR)
                  00084e88    0000000a     f2838x_defaultisr.obj (.text:DMA_CH2_ISR)
                  00084e92    0000000a     f2838x_defaultisr.obj (.text:DMA_CH3_ISR)
                  00084e9c    0000000a     f2838x_defaultisr.obj (.text:DMA_CH4_ISR)
                  00084ea6    0000000a     f2838x_defaultisr.obj (.text:DMA_CH5_ISR)
                  00084eb0    0000000a     f2838x_defaultisr.obj (.text:DMA_CH6_ISR)
                  00084eba    0000000a     f2838x_defaultisr.obj (.text:ECAP1_ISR)
                  00084ec4    0000000a     f2838x_defaultisr.obj (.text:ECAP2_ISR)
                  00084ece    0000000a     f2838x_defaultisr.obj (.text:ECAP3_ISR)
                  00084ed8    0000000a     f2838x_defaultisr.obj (.text:ECAP4_ISR)
                  00084ee2    0000000a     f2838x_defaultisr.obj (.text:ECAP5_ISR)
                  00084eec    0000000a     f2838x_defaultisr.obj (.text:ECAP6_2_ISR)
                  00084ef6    0000000a     f2838x_defaultisr.obj (.text:ECAP6_ISR)
                  00084f00    0000000a     f2838x_defaultisr.obj (.text:ECAP7_2_ISR)
                  00084f0a    0000000a     f2838x_defaultisr.obj (.text:ECAP7_ISR)
                  00084f14    0000000a     f2838x_defaultisr.obj (.text:ECATRST_ISR)
                  00084f1e    0000000a     f2838x_defaultisr.obj (.text:ECATSYNC0_ISR)
                  00084f28    0000000a     f2838x_defaultisr.obj (.text:ECATSYNC1_ISR)
                  00084f32    0000000a     f2838x_defaultisr.obj (.text:ECAT_ISR)
                  00084f3c    0000000a     f2838x_defaultisr.obj (.text:EMU_ISR)
                  00084f46    0000000a     f2838x_defaultisr.obj (.text:EPWM10_ISR)
                  00084f50    0000000a     f2838x_defaultisr.obj (.text:EPWM10_TZ_ISR)
                  00084f5a    0000000a     f2838x_defaultisr.obj (.text:EPWM11_ISR)
                  00084f64    0000000a     f2838x_defaultisr.obj (.text:EPWM11_TZ_ISR)
                  00084f6e    0000000a     f2838x_defaultisr.obj (.text:EPWM12_ISR)
                  00084f78    0000000a     f2838x_defaultisr.obj (.text:EPWM12_TZ_ISR)
                  00084f82    0000000a     f2838x_defaultisr.obj (.text:EPWM13_ISR)
                  00084f8c    0000000a     f2838x_defaultisr.obj (.text:EPWM13_TZ_ISR)
                  00084f96    0000000a     f2838x_defaultisr.obj (.text:EPWM14_ISR)
                  00084fa0    0000000a     f2838x_defaultisr.obj (.text:EPWM14_TZ_ISR)
                  00084faa    0000000a     f2838x_defaultisr.obj (.text:EPWM15_ISR)
                  00084fb4    0000000a     f2838x_defaultisr.obj (.text:EPWM15_TZ_ISR)
                  00084fbe    0000000a     f2838x_defaultisr.obj (.text:EPWM16_ISR)
                  00084fc8    0000000a     f2838x_defaultisr.obj (.text:EPWM16_TZ_ISR)
                  00084fd2    0000000a     f2838x_defaultisr.obj (.text:EPWM1_ISR)
                  00084fdc    0000000a     f2838x_defaultisr.obj (.text:EPWM1_TZ_ISR)
                  00084fe6    0000000a     f2838x_defaultisr.obj (.text:EPWM2_ISR)
                  00084ff0    0000000a     f2838x_defaultisr.obj (.text:EPWM2_TZ_ISR)
                  00084ffa    0000000a     f2838x_defaultisr.obj (.text:EPWM3_ISR)
                  00085004    0000000a     f2838x_defaultisr.obj (.text:EPWM3_TZ_ISR)
                  0008500e    0000000a     f2838x_defaultisr.obj (.text:EPWM4_ISR)
                  00085018    0000000a     f2838x_defaultisr.obj (.text:EPWM4_TZ_ISR)
                  00085022    0000000a     f2838x_defaultisr.obj (.text:EPWM5_ISR)
                  0008502c    0000000a     f2838x_defaultisr.obj (.text:EPWM5_TZ_ISR)
                  00085036    0000000a     f2838x_defaultisr.obj (.text:EPWM6_ISR)
                  00085040    0000000a     f2838x_defaultisr.obj (.text:EPWM6_TZ_ISR)
                  0008504a    0000000a     f2838x_defaultisr.obj (.text:EPWM7_ISR)
                  00085054    0000000a     f2838x_defaultisr.obj (.text:EPWM7_TZ_ISR)
                  0008505e    0000000a     f2838x_defaultisr.obj (.text:EPWM8_ISR)
                  00085068    0000000a     f2838x_defaultisr.obj (.text:EPWM8_TZ_ISR)
                  00085072    0000000a     f2838x_defaultisr.obj (.text:EPWM9_ISR)
                  0008507c    0000000a     f2838x_defaultisr.obj (.text:EPWM9_TZ_ISR)
                  00085086    0000000a     f2838x_defaultisr.obj (.text:EQEP1_ISR)
                  00085090    0000000a     f2838x_defaultisr.obj (.text:EQEP2_ISR)
                  0008509a    0000000a     f2838x_defaultisr.obj (.text:EQEP3_ISR)
                  000850a4    0000000a     f2838x_defaultisr.obj (.text:FMC_ISR)
                  000850ae    0000000a     f2838x_defaultisr.obj (.text:FPU_OFLOW_ISR)
                  000850b8    0000000a     f2838x_defaultisr.obj (.text:FPU_UFLOW_ISR)
                  000850c2    0000000a     f2838x_defaultisr.obj (.text:FSIRXA1_ISR)
                  000850cc    0000000a     f2838x_defaultisr.obj (.text:FSIRXA2_ISR)
                  000850d6    0000000a     f2838x_defaultisr.obj (.text:FSIRXB1_ISR)
                  000850e0    0000000a     f2838x_defaultisr.obj (.text:FSIRXB2_ISR)
                  000850ea    0000000a     f2838x_defaultisr.obj (.text:FSIRXC1_ISR)
                  000850f4    0000000a     f2838x_defaultisr.obj (.text:FSIRXC2_ISR)
                  000850fe    0000000a     f2838x_defaultisr.obj (.text:FSIRXD1_ISR)
                  00085108    0000000a     f2838x_defaultisr.obj (.text:FSIRXD2_ISR)
                  00085112    0000000a     f2838x_defaultisr.obj (.text:FSIRXE1_ISR)
                  0008511c    0000000a     f2838x_defaultisr.obj (.text:FSIRXE2_ISR)
                  00085126    0000000a     f2838x_defaultisr.obj (.text:FSIRXF1_ISR)
                  00085130    0000000a     f2838x_defaultisr.obj (.text:FSIRXF2_ISR)
                  0008513a    0000000a     f2838x_defaultisr.obj (.text:FSIRXG1_ISR)
                  00085144    0000000a     f2838x_defaultisr.obj (.text:FSIRXG2_ISR)
                  0008514e    0000000a     f2838x_defaultisr.obj (.text:FSIRXH1_ISR)
                  00085158    0000000a     f2838x_defaultisr.obj (.text:FSIRXH2_ISR)
                  00085162    0000000a     f2838x_defaultisr.obj (.text:FSITXA1_ISR)
                  0008516c    0000000a     f2838x_defaultisr.obj (.text:FSITXA2_ISR)
                  00085176    0000000a     f2838x_defaultisr.obj (.text:FSITXB1_ISR)
                  00085180    0000000a     f2838x_defaultisr.obj (.text:FSITXB2_ISR)
                  0008518a    0000000a     f2838x_defaultisr.obj (.text:I2CA_FIFO_ISR)
                  00085194    0000000a     f2838x_defaultisr.obj (.text:I2CA_HIGH_ISR)
                  0008519e    0000000a     f2838x_defaultisr.obj (.text:I2CA_ISR)
                  000851a8    0000000a     f2838x_defaultisr.obj (.text:I2CB_FIFO_ISR)
                  000851b2    0000000a     f2838x_defaultisr.obj (.text:I2CB_ISR)
                  000851bc    0000000a     f2838x_defaultisr.obj (.text:ILLEGAL_ISR)
                  000851c6    0000000a     f2838x_defaultisr.obj (.text:MCANSS0_ISR)
                  000851d0    0000000a     f2838x_defaultisr.obj (.text:MCANSS1_ISR)
                  000851da    0000000a     f2838x_defaultisr.obj (.text:MCANSS_ECC_CORR_PLS_ISR)
                  000851e4    0000000a     f2838x_defaultisr.obj (.text:MCANSS_WAKE_AND_TS_PLS_ISR)
                  000851ee    0000000a     f2838x_defaultisr.obj (.text:MCBSPA_RX_ISR)
                  000851f8    0000000a     f2838x_defaultisr.obj (.text:MCBSPA_TX_ISR)
                  00085202    0000000a     f2838x_defaultisr.obj (.text:MCBSPB_RX_ISR)
                  0008520c    0000000a     f2838x_defaultisr.obj (.text:MCBSPB_TX_ISR)
                  00085216    0000000a     f2838x_defaultisr.obj (.text:MPOST_ISR)
                  00085220    0000000a     f2838x_defaultisr.obj (.text:NMI_ISR)
                  0008522a    0000000a     f2838x_defaultisr.obj (.text:NOTUSED_ISR)
                  00085234    0000000a     f2838x_defaultisr.obj (.text:PIE_RESERVED_ISR)
                  0008523e    0000000a     f2838x_defaultisr.obj (.text:PMBUSA_ISR)
                  00085248    0000000a     f2838x_defaultisr.obj (.text:RTOS_ISR)
                  00085252    0000000a     f2838x_defaultisr.obj (.text:SCIA_RX_ISR)
                  0008525c    0000000a     f2838x_defaultisr.obj (.text:SCIA_TX_ISR)
                  00085266    0000000a     f2838x_defaultisr.obj (.text:SCIB_RX_ISR)
                  00085270    0000000a     f2838x_defaultisr.obj (.text:SCIB_TX_ISR)
                  0008527a    0000000a     f2838x_defaultisr.obj (.text:SCIC_RX_ISR)
                  00085284    0000000a     f2838x_defaultisr.obj (.text:SCIC_TX_ISR)
                  0008528e    0000000a     f2838x_defaultisr.obj (.text:SCID_RX_ISR)
                  00085298    0000000a     f2838x_defaultisr.obj (.text:SCID_TX_ISR)
                  000852a2    0000000a     f2838x_defaultisr.obj (.text:SDFM1DR1_ISR)
                  000852ac    0000000a     f2838x_defaultisr.obj (.text:SDFM1DR2_ISR)
                  000852b6    0000000a     f2838x_defaultisr.obj (.text:SDFM1DR3_ISR)
                  000852c0    0000000a     f2838x_defaultisr.obj (.text:SDFM1DR4_ISR)
                  000852ca    0000000a     f2838x_defaultisr.obj (.text:SDFM1_ISR)
                  000852d4    0000000a     f2838x_defaultisr.obj (.text:SDFM2DR1_ISR)
                  000852de    0000000a     f2838x_defaultisr.obj (.text:SDFM2DR2_ISR)
                  000852e8    0000000a     f2838x_defaultisr.obj (.text:SDFM2DR3_ISR)
                  000852f2    0000000a     f2838x_defaultisr.obj (.text:SDFM2DR4_ISR)
                  000852fc    0000000a     f2838x_defaultisr.obj (.text:SDFM2_ISR)
                  00085306    0000000a     f2838x_defaultisr.obj (.text:SPIA_RX_ISR)
                  00085310    0000000a     f2838x_defaultisr.obj (.text:SPIA_TX_ISR)
                  0008531a    0000000a     f2838x_defaultisr.obj (.text:SPIB_RX_ISR)
                  00085324    0000000a     f2838x_defaultisr.obj (.text:SPIB_TX_ISR)
                  0008532e    0000000a     f2838x_defaultisr.obj (.text:SPIC_RX_ISR)
                  00085338    0000000a     f2838x_defaultisr.obj (.text:SPIC_TX_ISR)
                  00085342    0000000a     f2838x_defaultisr.obj (.text:SPID_RX_ISR)
                  0008534c    0000000a     f2838x_defaultisr.obj (.text:SPID_TX_ISR)
                  00085356    0000000a     f2838x_defaultisr.obj (.text:SYS_ERR_ISR)
                  00085360    0000000a     f2838x_sysctrl.obj (.text:SysIntOsc1Sel)
                  0008536a    0000000a     f2838x_defaultisr.obj (.text:TIMER0_ISR)
                  00085374    0000000a     f2838x_defaultisr.obj (.text:TIMER1_ISR)
                  0008537e    0000000a     f2838x_defaultisr.obj (.text:TIMER2_ISR)
                  00085388    0000000a     f2838x_defaultisr.obj (.text:USBA_ISR)
                  00085392    0000000a     f2838x_defaultisr.obj (.text:USER10_ISR)
                  0008539c    0000000a     f2838x_defaultisr.obj (.text:USER11_ISR)
                  000853a6    0000000a     f2838x_defaultisr.obj (.text:USER12_ISR)
                  000853b0    0000000a     f2838x_defaultisr.obj (.text:USER1_ISR)
                  000853ba    0000000a     f2838x_defaultisr.obj (.text:USER2_ISR)
                  000853c4    0000000a     f2838x_defaultisr.obj (.text:USER3_ISR)
                  000853ce    0000000a     f2838x_defaultisr.obj (.text:USER4_ISR)
                  000853d8    0000000a     f2838x_defaultisr.obj (.text:USER5_ISR)
                  000853e2    0000000a     f2838x_defaultisr.obj (.text:USER6_ISR)
                  000853ec    0000000a     f2838x_defaultisr.obj (.text:USER7_ISR)
                  000853f6    0000000a     f2838x_defaultisr.obj (.text:USER8_ISR)
                  00085400    0000000a     f2838x_defaultisr.obj (.text:USER9_ISR)
                  0008540a    0000000a     f2838x_defaultisr.obj (.text:WAKE_ISR)
                  00085414    0000000a     f2838x_defaultisr.obj (.text:XINT1_ISR)
                  0008541e    0000000a     f2838x_defaultisr.obj (.text:XINT2_ISR)
                  00085428    0000000a     f2838x_defaultisr.obj (.text:XINT3_ISR)
                  00085432    0000000a     f2838x_defaultisr.obj (.text:XINT4_ISR)
                  0008543c    0000000a     f2838x_defaultisr.obj (.text:XINT5_ISR)
                  00085446    00000009     rts2800_fpu64_eabi.lib : _lock.c.obj (.text)
                  0008544f    00000008     f2838x_sysctrl.obj (.text:AuxIntOsc2Sel)
                  00085457    00000008     f2838x_sysctrl.obj (.text:SysIntOsc2Sel)
                  0008545f    00000008     rts2800_fpu64_eabi.lib : copy_decompress_none.c.obj (.text:decompress:none)
                  00085467    00000008     f2838x_codestartbranch.obj (.text)
                  0008546f    00000007     device.obj (.text:__error__)
                  00085476    00000002     rts2800_fpu64_eabi.lib : pre_init.c.obj (.text)

MODULE SUMMARY

       Module                          code    ro data   rw data
       ------                          ----    -------   -------
    .\
       svpwm_main.obj                  1118    149       1084   
       program.obj                     1924    0         132    
       program2.obj                    1073    227       0      
       eqep_ex2_calculation.obj        411     75        0      
       f2838x_adc.obj                  248     0         0      
       f2838x_codestartbranch.obj      10      0         0      
       f2838x_usdelay.obj              8       0         0      
    +--+-------------------------------+-------+---------+---------+
       Total:                          4792    451       1216   
                                                                
    .\device\
       device.obj                      7       0         0      
    +--+-------------------------------+-------+---------+---------+
       Total:                          7       0         0      
                                                                
    .\source\
       f2838x_globalvariabledefs.obj   0       0         3559   
       f2838x_defaultisr.obj           2063    0         0      
       f2838x_sysctrl.obj              1423    0         0      
       f2838x_gpio.obj                 668     0         0      
       f2838x_pievect.obj              38      448       0      
       f2838x_epwm.obj                 56      0         0      
       f2838x_piectrl.obj              31      0         0      
    +--+-------------------------------+-------+---------+---------+
       Total:                          4279    448       3559   
                                                                
    .\syscfg\
       clb_config.obj                  645     74        32     
    +--+-------------------------------+-------+---------+---------+
       Total:                          645     74        32     
                                                                
    F:/DSP/CCS/C2000Ware_3_04_00_00_Software/driverlib/f2838x/driverlib/ccs/Debug/driverlib.lib
       clb.obj                         205     232       0      
       gpio.obj                        200     235       0      
    +--+-------------------------------+-------+---------+---------+
       Total:                          405     467       0      
                                                                
    F:\DSP\CCS\ccs\tools\compiler\ti-cgt-c2000_20.2.0.LTS\lib\rts2800_fpu64_eabi.lib
       k_rem_pio2.c.obj                1119    168       0      
       e_rem_pio2.c.obj                723     0         0      
       s_floor.c.obj                   218     0         0      
       s_ceil.c.obj                    217     0         0      
       s_scalbn.c.obj                  167     0         0      
       k_sin.c.obj                     139     0         0      
       fs_div28.asm.obj                136     0         0      
       k_cos.c.obj                     119     0         0      
       s_cos.c.obj                     111     0         0      
       s_sin.c.obj                     107     0         0      
       copy_decompress_lzss.c.obj      49      0         0      
       exit.c.obj                      41      0         6      
       autoinit.c.obj                  43      0         0      
       s_copysign.c.obj                42      0         0      
       i_div28.asm.obj                 34      0         0      
       memcpy.c.obj                    29      0         0      
       boot28.asm.obj                  25      0         0      
       ll_aox28.asm.obj                24      0         0      
       _lock.c.obj                     9       0         4      
       copy_zero_init.c.obj            13      0         0      
       args_main.c.obj                 12      0         0      
       copy_decompress_none.c.obj      8       0         0      
       pre_init.c.obj                  2       0         0      
       errno.c.obj                     0       0         1      
       startup.c.obj                   1       0         0      
    +--+-------------------------------+-------+---------+---------+
       Total:                          3388    168       11     
                                                                
       Stack:                          0       0         256    
       Linker Generated:               0       71        0      
    +--+-------------------------------+-------+---------+---------+
       Grand Total:                    13516   1679      5074   


LINKER GENERATED COPY TABLES

__TI_cinit_table @ 0008803c records: 3, size/record: 4, table size: 12
	.data: load addr=00088000, load size=0000002d bytes, run addr=0000a800, run size=000004c6 bytes, compression=lzss
	.bss: load addr=00088034, load size=00000004 bytes, run addr=0000acc6, run size=00000026 bytes, compression=zero_init
	PieVectTableFile: load addr=00088038, load size=00000004 bytes, run addr=00000d00, run size=000001c0 bytes, compression=zero_init


LINKER GENERATED HANDLER TABLE

__TI_handler_table @ 0008802e records: 3, size/record: 2, table size: 6
	index: 0, handler: __TI_zero_init
	index: 1, handler: __TI_decompress_lzss
	index: 2, handler: __TI_decompress_none


GLOBAL DATA SYMBOLS: SORTED BY DATA PAGE

address     data page           name
--------    ----------------    ----
00000400      10 (00000400)     __stack

00000b00      2c (00000b00)     AdcaResultRegs
00000b20      2c (00000b00)     AdcbResultRegs

00000b40      2d (00000b40)     AdccResultRegs
00000b60      2d (00000b40)     AdcdResultRegs

00000ce0      33 (00000cc0)     PieCtrlRegs

00000d00      34 (00000d00)     PieVectTable

00004000     100 (00004000)     EPwm1Regs

00004100     104 (00004100)     EPwm2Regs

00004200     108 (00004200)     EPwm3Regs

00007000     1c0 (00007000)     WdRegs

00007400     1d0 (00007400)     AdcaRegs

00007480     1d2 (00007480)     AdcbRegs

00007500     1d4 (00007500)     AdccRegs

00007580     1d6 (00007580)     AdcdRegs

00007c00     1f0 (00007c00)     GpioCtrlRegs

00007f00     1fc (00007f00)     GpioDataRegs

0000a800     2a0 (0000a800)     ibb

0000a990     2a6 (0000a980)     ii

0000ab20     2ac (0000ab00)     iad

0000abe8     2af (0000abc0)     Ia_Buffer
0000abee     2af (0000abc0)     Ib_Buffer
0000abf4     2af (0000abc0)     __TI_enable_exit_profile_output
0000abf6     2af (0000abc0)     __TI_cleanup_ptr
0000abf8     2af (0000abc0)     __TI_dtors_ptr
0000abfa     2af (0000abc0)     Position_Rota
0000abfe     2af (0000abc0)     _lock

0000ac00     2b0 (0000ac00)     Time_C_a
0000ac01     2b0 (0000ac00)     Time_C_b
0000ac02     2b0 (0000ac00)     Time_C_c
0000ac04     2b0 (0000ac00)     Time_Coefficient
0000ac06     2b0 (0000ac00)     Half_Tpwm
0000ac08     2b0 (0000ac00)     Us_alpha
0000ac0a     2b0 (0000ac00)     Us_beta
0000ac0c     2b0 (0000ac00)     Is_a
0000ac0e     2b0 (0000ac00)     Is_b
0000ac10     2b0 (0000ac00)     Is_d
0000ac12     2b0 (0000ac00)     Is_q
0000ac14     2b0 (0000ac00)     Is_alpha
0000ac16     2b0 (0000ac00)     Is_beta
0000ac18     2b0 (0000ac00)     Present_Motor_Position
0000ac1a     2b0 (0000ac00)     Position_TEMP
0000ac1c     2b0 (0000ac00)     pos32val
0000ac1e     2b0 (0000ac00)     Speed_Current_temp
0000ac20     2b0 (0000ac00)     iKP_d
0000ac22     2b0 (0000ac00)     iKI_d
0000ac24     2b0 (0000ac00)     iKD_d
0000ac26     2b0 (0000ac00)     iREF_d
0000ac28     2b0 (0000ac00)     iFB_d
0000ac2a     2b0 (0000ac00)     iERR_d
0000ac2c     2b0 (0000ac00)     iERR1_d
0000ac2e     2b0 (0000ac00)     iERR2_d
0000ac30     2b0 (0000ac00)     iOUT_d
0000ac32     2b0 (0000ac00)     iOUT_LAST_d
0000ac34     2b0 (0000ac00)     iOUT_UP_LIM_d
0000ac36     2b0 (0000ac00)     iOUT_DOWN_LIM_d
0000ac38     2b0 (0000ac00)     iKP_q
0000ac3a     2b0 (0000ac00)     iKI_q
0000ac3c     2b0 (0000ac00)     iKD_q
0000ac3e     2b0 (0000ac00)     iREF_q

0000ac40     2b1 (0000ac40)     iFB_q
0000ac42     2b1 (0000ac40)     iERR_q
0000ac44     2b1 (0000ac40)     iERR1_q
0000ac46     2b1 (0000ac40)     iERR2_q
0000ac48     2b1 (0000ac40)     iOUT_LAST_q
0000ac4a     2b1 (0000ac40)     iOUT_UP_LIM_q
0000ac4c     2b1 (0000ac40)     iOUT_DOWN_LIM_q
0000ac4e     2b1 (0000ac40)     i_de
0000ac50     2b1 (0000ac40)     i_qe
0000ac52     2b1 (0000ac40)     i_dot_de
0000ac54     2b1 (0000ac40)     i_dot_qe
0000ac56     2b1 (0000ac40)     i_q
0000ac58     2b1 (0000ac40)     i_d
0000ac5a     2b1 (0000ac40)     q_d
0000ac5c     2b1 (0000ac40)     L_dd
0000ac5e     2b1 (0000ac40)     L_qd
0000ac60     2b1 (0000ac40)     R_d
0000ac62     2b1 (0000ac40)     Ke_d
0000ac64     2b1 (0000ac40)     L_d
0000ac66     2b1 (0000ac40)     L_q
0000ac68     2b1 (0000ac40)     R
0000ac6a     2b1 (0000ac40)     Ke
0000ac6c     2b1 (0000ac40)     beta
0000ac6e     2b1 (0000ac40)     alpha
0000ac70     2b1 (0000ac40)     a1
0000ac72     2b1 (0000ac40)     a2
0000ac74     2b1 (0000ac40)     x1
0000ac76     2b1 (0000ac40)     x2
0000ac78     2b1 (0000ac40)     aaa
0000ac7a     2b1 (0000ac40)     t
0000ac7c     2b1 (0000ac40)     _unlock
0000ac7e     2b1 (0000ac40)     errno

0000ac80     2b2 (0000ac80)     interruptCount
0000ac81     2b2 (0000ac80)     Ia
0000ac82     2b2 (0000ac80)     Ib
0000ac83     2b2 (0000ac80)     cnt
0000ac84     2b2 (0000ac80)     i
0000ac85     2b2 (0000ac80)     ix
0000ac86     2b2 (0000ac80)     MECH_SCALER
0000ac88     2b2 (0000ac80)     count
0000ac8a     2b2 (0000ac80)     pass
0000ac8c     2b2 (0000ac80)     fail
0000ac8e     2b2 (0000ac80)     Vdc_fb
0000ac90     2b2 (0000ac80)     Ibus
0000ac92     2b2 (0000ac80)     Va_fb
0000ac94     2b2 (0000ac80)     Ia_av
0000ac96     2b2 (0000ac80)     Ib_av
0000ac98     2b2 (0000ac80)     Us_d
0000ac9a     2b2 (0000ac80)     Us_q
0000ac9c     2b2 (0000ac80)     Theta_S
0000ac9e     2b2 (0000ac80)     Theta_fb
0000aca0     2b2 (0000ac80)     temp
0000aca2     2b2 (0000ac80)     Speed
0000aca4     2b2 (0000ac80)     Ia_Current
0000aca6     2b2 (0000ac80)     TILE1HLCInstr

0000acc6     2b3 (0000acc0)     AdcaResult0
0000acc7     2b3 (0000acc0)     AdcaResult1
0000acc8     2b3 (0000acc0)     AdcaResult2
0000acc9     2b3 (0000acc0)     AdcaResult3
0000acca     2b3 (0000acc0)     AdccResult0
0000accb     2b3 (0000acc0)     AdccResult1
0000accc     2b3 (0000acc0)     AdccResult2
0000accd     2b3 (0000acc0)     AdcdResult0
0000acce     2b3 (0000acc0)     AdcdResult1
0000accf     2b3 (0000acc0)     AdcdResult2
0000acd0     2b3 (0000acc0)     flag
0000acd2     2b3 (0000acc0)     AdcaResult4
0000acd4     2b3 (0000acc0)     AdcaResult5
0000acd6     2b3 (0000acc0)     AdcbResult0
0000acd8     2b3 (0000acc0)     AdcbResult1
0000acda     2b3 (0000acc0)     tmr1
0000acdc     2b3 (0000acc0)     tmr2
0000acde     2b3 (0000acc0)     tmr3
0000ace0     2b3 (0000acc0)     PosM
0000ace2     2b3 (0000acc0)     ia_av
0000ace4     2b3 (0000acc0)     ia_a
0000ace6     2b3 (0000acc0)     ThetaE
0000ace8     2b3 (0000acc0)     Us_quadrant
0000acea     2b3 (0000acc0)     iOUT_q

0005d000    1740 (0005d000)     DevCfgRegs

0005d200    1748 (0005d200)     ClkCfgRegs

0005d300    174c (0005d300)     CpuSysRegs

0005d700    175c (0005d700)     AnalogSubsysRegs

0005e700    179c (0005e700)     Dcc0Regs

0005e740    179d (0005e740)     Dcc1Regs

0005e780    179e (0005e780)     Dcc2Regs

0005f800    17e0 (0005f800)     Flash0CtrlRegs

0005fb00    17ec (0005fb00)     Flash0EccRegs

00090000    2400 (00090000)     PieVectTableInit


GLOBAL SYMBOLS: SORTED ALPHABETICALLY BY Name 

page  address   name                                 
----  -------   ----                                 
0     00084c30  ADCA1_ISR                            
0     00084c3a  ADCA2_ISR                            
0     00084c44  ADCA3_ISR                            
0     00084c4e  ADCA4_ISR                            
0     00084c58  ADCA_EVT_ISR                         
0     00084c62  ADCB1_ISR                            
0     00084c6c  ADCB2_ISR                            
0     00084c76  ADCB3_ISR                            
0     00084c80  ADCB4_ISR                            
0     00084c8a  ADCB_EVT_ISR                         
0     00084c94  ADCC1_ISR                            
0     00084c9e  ADCC2_ISR                            
0     00084ca8  ADCC3_ISR                            
0     00084cb2  ADCC4_ISR                            
0     00084cbc  ADCC_EVT_ISR                         
0     00084cc6  ADCD1_ISR                            
0     00084cd0  ADCD2_ISR                            
0     00084cda  ADCD3_ISR                            
0     00084ce4  ADCD4_ISR                            
0     00084cee  ADCD_EVT_ISR                         
0     0008374d  AdcSetMode                           
0     00007400  AdcaRegs                             
0     0000acc6  AdcaResult0                          
0     0000acc7  AdcaResult1                          
0     0000acc8  AdcaResult2                          
0     0000acc9  AdcaResult3                          
0     0000acd2  AdcaResult4                          
0     0000acd4  AdcaResult5                          
0     00000b00  AdcaResultRegs                       
0     00007480  AdcbRegs                             
0     0000acd6  AdcbResult0                          
0     0000acd8  AdcbResult1                          
0     00000b20  AdcbResultRegs                       
0     00007500  AdccRegs                             
0     0000acca  AdccResult0                          
0     0000accb  AdccResult1                          
0     0000accc  AdccResult2                          
0     00000b40  AdccResultRegs                       
0     00007580  AdcdRegs                             
0     0000accd  AdcdResult0                          
0     0000acce  AdcdResult1                          
0     0000accf  AdcdResult2                          
0     00000b60  AdcdResultRegs                       
0     0005d700  AnalogSubsysRegs                     
0     00084cf8  AuxAuxClkSel                         
0     0008544f  AuxIntOsc2Sel                        
0     00084b91  AuxXtalOscSESel                      
0     00084ba2  AuxXtalOscSel                        
0     000846c9  C$$EXIT                              
0     00084d02  CANA0_ISR                            
0     00084d0c  CANA1_ISR                            
0     00084d16  CANB0_ISR                            
0     00084d20  CANB1_ISR                            
0     00084d2a  CIPC0_ISR                            
0     00084d34  CIPC1_ISR                            
0     00084d3e  CIPC2_ISR                            
0     00084d48  CIPC3_ISR                            
0     00084d52  CLA1CRC_ISR                          
0     00084d5c  CLA1_1_ISR                           
0     00084d66  CLA1_2_ISR                           
0     00084d70  CLA1_3_ISR                           
0     00084d7a  CLA1_4_ISR                           
0     00084d84  CLA1_5_ISR                           
0     00084d8e  CLA1_6_ISR                           
0     00084d98  CLA1_7_ISR                           
0     00084da2  CLA1_8_ISR                           
0     000845c6  CLARK                                
0     00084dac  CLA_OVERFLOW_ISR                     
0     00084db6  CLA_UNDERFLOW_ISR                    
0     00084dc0  CLB1_ISR                             
0     00084dca  CLB2_ISR                             
0     00084dd4  CLB3_ISR                             
0     00084dde  CLB4_ISR                             
0     00084de8  CLB5_ISR                             
0     00084df2  CLB6_ISR                             
0     00084dfc  CLB7_ISR                             
0     00084e06  CLB8_ISR                             
0     000841cb  CLB_configCounterLoadMatch           
0     00084e10  CMTOCPUXIPC0_ISR                     
0     00084e1a  CMTOCPUXIPC1_ISR                     
0     00084e24  CMTOCPUXIPC2_ISR                     
0     00084e2e  CMTOCPUXIPC3_ISR                     
0     00084e38  CMTOCPUXIPC4_ISR                     
0     00084e42  CMTOCPUXIPC5_ISR                     
0     00084e4c  CMTOCPUXIPC6_ISR                     
0     00084e56  CMTOCPUXIPC7_ISR                     
0     00084e60  CM_STATUS_ISR                        
0     00084e6a  CPUCRC_ISR                           
0     000843b4  CalAdcINL                            
0     0005d200  ClkCfgRegs                           
0     00083b71  ComputeCntrSeedValue                 
0     00084224  ConfigureADC                         
0     0005d300  CpuSysRegs                           
0     00084e74  DATALOG_ISR                          
0     00084e7e  DMA_CH1_ISR                          
0     00084e88  DMA_CH2_ISR                          
0     00084e92  DMA_CH3_ISR                          
0     00084e9c  DMA_CH4_ISR                          
0     00084ea6  DMA_CH5_ISR                          
0     00084eb0  DMA_CH6_ISR                          
0     0005e700  Dcc0Regs                             
0     0005e740  Dcc1Regs                             
0     0005e780  Dcc2Regs                             
0     0005d000  DevCfgRegs                           
0     00084be0  DisableDog                           
0     00084eba  ECAP1_ISR                            
0     00084ec4  ECAP2_ISR                            
0     00084ece  ECAP3_ISR                            
0     00084ed8  ECAP4_ISR                            
0     00084ee2  ECAP5_ISR                            
0     00084eec  ECAP6_2_ISR                          
0     00084ef6  ECAP6_ISR                            
0     00084f00  ECAP7_2_ISR                          
0     00084f0a  ECAP7_ISR                            
0     00084f14  ECATRST_ISR                          
0     00084f1e  ECATSYNC0_ISR                        
0     00084f28  ECATSYNC1_ISR                        
0     00084f32  ECAT_ISR                             
0     00084c0a  EMPTY_ISR                            
0     00084f3c  EMU_ISR                              
0     00084f46  EPWM10_ISR                           
0     00084f50  EPWM10_TZ_ISR                        
0     00084f5a  EPWM11_ISR                           
0     00084f64  EPWM11_TZ_ISR                        
0     00084f6e  EPWM12_ISR                           
0     00084f78  EPWM12_TZ_ISR                        
0     00084f82  EPWM13_ISR                           
0     00084f8c  EPWM13_TZ_ISR                        
0     00084f96  EPWM14_ISR                           
0     00084fa0  EPWM14_TZ_ISR                        
0     00084faa  EPWM15_ISR                           
0     00084fb4  EPWM15_TZ_ISR                        
0     00084fbe  EPWM16_ISR                           
0     00084fc8  EPWM16_TZ_ISR                        
0     00084fd2  EPWM1_ISR                            
0     00084fdc  EPWM1_TZ_ISR                         
0     00084fe6  EPWM2_ISR                            
0     00084ff0  EPWM2_TZ_ISR                         
0     00084ffa  EPWM3_ISR                            
0     00085004  EPWM3_TZ_ISR                         
0     0008500e  EPWM4_ISR                            
0     00085018  EPWM4_TZ_ISR                         
0     00085022  EPWM5_ISR                            
0     0008502c  EPWM5_TZ_ISR                         
0     00085036  EPWM6_ISR                            
0     00085040  EPWM6_TZ_ISR                         
0     0008504a  EPWM7_ISR                            
0     00085054  EPWM7_TZ_ISR                         
0     0008505e  EPWM8_ISR                            
0     00085068  EPWM8_TZ_ISR                         
0     00085072  EPWM9_ISR                            
0     0008507c  EPWM9_TZ_ISR                         
0     00004000  EPwm1Regs                            
0     00004100  EPwm2Regs                            
0     00004200  EPwm3Regs                            
0     00085086  EQEP1_ISR                            
0     00085090  EQEP2_ISR                            
0     0008509a  EQEP3_ISR                            
0     00008025  F28x_usDelay                         
0     000850a4  FMC_ISR                              
0     000850ae  FPU_OFLOW_ISR                        
0     000850b8  FPU_UFLOW_ISR                        
0     000850c2  FSIRXA1_ISR                          
0     000850cc  FSIRXA2_ISR                          
0     000850d6  FSIRXB1_ISR                          
0     000850e0  FSIRXB2_ISR                          
0     000850ea  FSIRXC1_ISR                          
0     000850f4  FSIRXC2_ISR                          
0     000850fe  FSIRXD1_ISR                          
0     00085108  FSIRXD2_ISR                          
0     00085112  FSIRXE1_ISR                          
0     0008511c  FSIRXE2_ISR                          
0     00085126  FSIRXF1_ISR                          
0     00085130  FSIRXF2_ISR                          
0     0008513a  FSIRXG1_ISR                          
0     00085144  FSIRXG2_ISR                          
0     0008514e  FSIRXH1_ISR                          
0     00085158  FSIRXH2_ISR                          
0     00085162  FSITXA1_ISR                          
0     0008516c  FSITXA2_ISR                          
0     00085176  FSITXB1_ISR                          
0     00085180  FSITXB2_ISR                          
0     0005f800  Flash0CtrlRegs                       
0     0005fb00  Flash0EccRegs                        
0     00084bee  GPIO_EnableUnbondedIOPullups         
0     00084a67  GPIO_EnableUnbondedIOPullupsFor176Pin
0     000830e1  GPIO_SetupPinMux                     
0     00083202  GPIO_SetupPinOptions                 
0     00084564  GPIO_setDirectionMode                
0     00084324  GPIO_setPadConfig                    
0     00083fc9  GPIO_setPinConfig                    
0     00007c00  GpioCtrlRegs                         
0     00007f00  GpioDataRegs                         
0     0000ac06  Half_Tpwm                            
0     0008518a  I2CA_FIFO_ISR                        
0     00085194  I2CA_HIGH_ISR                        
0     0008519e  I2CA_ISR                             
0     000851a8  I2CB_FIFO_ISR                        
0     000851b2  I2CB_ISR                             
0     000851bc  ILLEGAL_ISR                          
0     0000ac81  Ia                                   
0     0000abe8  Ia_Buffer                            
0     0000aca4  Ia_Current                           
0     0000ac94  Ia_av                                
0     0000ac82  Ib                                   
0     0000abee  Ib_Buffer                            
0     0000ac96  Ib_av                                
0     0000ac90  Ibus                                 
0     00083a1e  InitAuxPll                           
0     00083d1b  InitEPwm1Example                     
0     00084b6d  InitEPwm1Gpio                        
0     00083e09  InitEPwm2Example                     
0     00084b7f  InitEPwm2Gpio                        
0     00083e7c  InitEPwm3Example                     
0     00084b47  InitEPwm3Gpio                        
0     00008000  InitFlash                            
0     000843f1  InitGPIOset                          
0     0008427a  InitGpio                             
0     000838bd  InitPeripheralClocks                 
0     0008488f  InitPieCtrl                          
0     000846f2  InitPieVectTable                     
0     00084115  InitSysCtrl                          
0     000833f6  InitSysPll                           
0     00084000  Inverse_PARK                         
0     00083808  IsPLLValid                           
0     0000ac0c  Is_a                                 
0     0000ac14  Is_alpha                             
0     0000ac0e  Is_b                                 
0     0000ac16  Is_beta                              
0     0000ac10  Is_d                                 
0     0000ac12  Is_q                                 
0     0000ac6a  Ke                                   
0     0000ac62  Ke_d                                 
0     0000ac64  L_d                                  
0     0000ac5c  L_dd                                 
0     0000ac66  L_q                                  
0     0000ac5e  L_qd                                 
0     000851c6  MCANSS0_ISR                          
0     000851d0  MCANSS1_ISR                          
0     000851da  MCANSS_ECC_CORR_PLS_ISR              
0     000851e4  MCANSS_WAKE_AND_TS_PLS_ISR           
0     000851ee  MCBSPA_RX_ISR                        
0     000851f8  MCBSPA_TX_ISR                        
0     00085202  MCBSPB_RX_ISR                        
0     0008520c  MCBSPB_TX_ISR                        
0     0000ac86  MECH_SCALER                          
0     00085216  MPOST_ISR                            
0     00085220  NMI_ISR                              
0     0008522a  NOTUSED_ISR                          
0     0008405d  PARK                                 
0     00085234  PIE_RESERVED_ISR                     
0     0008523e  PMBUSA_ISR                           
0     00000ce0  PieCtrlRegs                          
0     00000d00  PieVectTable                         
0     00090000  PieVectTableInit                     
0     0000ace0  PosM                                 
0     00082e7f  Position_Calculate                   
0     0000abfa  Position_Rota                        
0     0000ac1a  Position_TEMP                        
0     0000ac18  Present_Motor_Position               
0     0000ac68  R                                    
0     00085248  RTOS_ISR                             
0     0000ac60  R_d                                  
0     00086029  RamfuncsLoadEnd                      
abs   00000029  RamfuncsLoadSize                     
0     00086000  RamfuncsLoadStart                    
0     00008029  RamfuncsRunEnd                       
abs   00000029  RamfuncsRunSize                      
0     00008000  RamfuncsRunStart                     
0     00085252  SCIA_RX_ISR                          
0     0008525c  SCIA_TX_ISR                          
0     00085266  SCIB_RX_ISR                          
0     00085270  SCIB_TX_ISR                          
0     0008527a  SCIC_RX_ISR                          
0     00085284  SCIC_TX_ISR                          
0     0008528e  SCID_RX_ISR                          
0     00085298  SCID_TX_ISR                          
0     000852a2  SDFM1DR1_ISR                         
0     000852ac  SDFM1DR2_ISR                         
0     000852b6  SDFM1DR3_ISR                         
0     000852c0  SDFM1DR4_ISR                         
0     000852ca  SDFM1_ISR                            
0     000852d4  SDFM2DR1_ISR                         
0     000852de  SDFM2DR2_ISR                         
0     000852e8  SDFM2DR3_ISR                         
0     000852f2  SDFM2DR4_ISR                         
0     000852fc  SDFM2_ISR                            
0     00085306  SPIA_RX_ISR                          
0     00085310  SPIA_TX_ISR                          
0     0008531a  SPIB_RX_ISR                          
[...]
0     0000ac78  aaa                                  
0     0000ac7a  t                                    
0     0000ac7c  _unlock                              
0     0000ac7e  errno                                
0     0000ac80  interruptCount                       
0     0000ac81  Ia                                   
0     0000ac82  Ib                                   
0     0000ac83  cnt                                  
0     0000ac84  i                                    
0     0000ac85  ix                                   
0     0000ac86  MECH_SCALER                          
0     0000ac88  count                                
0     0000ac8a  pass                                 
0     0000ac8c  fail                                 
0     0000ac8e  Vdc_fb                               
0     0000ac90  Ibus                                 
0     0000ac92  Va_fb                                
0     0000ac94  Ia_av                                
0     0000ac96  Ib_av                                
0     0000ac98  Us_d                                 
0     0000ac9a  Us_q                                 
0     0000ac9c  Theta_S                              
0     0000ac9e  Theta_fb                             
0     0000aca0  temp                                 
0     0000aca2  Speed                                
0     0000aca4  Ia_Current                           
0     0000aca6  TILE1HLCInstr                        
0     0000acc6  AdcaResult0                          
0     0000acc7  AdcaResult1                          
0     0000acc8  AdcaResult2                          
0     0000acc9  AdcaResult3                          
0     0000acca  AdccResult0                          
0     0000accb  AdccResult1                          
0     0000accc  AdccResult2                          
0     0000accd  AdcdResult0                          
0     0000acce  AdcdResult1                          
0     0000accf  AdcdResult2                          
0     0000acd0  flag                                 
0     0000acd2  AdcaResult4                          
0     0000acd4  AdcaResult5                          
0     0000acd6  AdcbResult0                          
0     0000acd8  AdcbResult1                          
0     0000acda  tmr1                                 
0     0000acdc  tmr2                                 
0     0000acde  tmr3                                 
0     0000ace0  PosM                                 
0     0000ace2  ia_av                                
0     0000ace4  ia_a                                 
0     0000ace6  ThetaE                               
0     0000ace8  Us_quadrant                          
0     0000acea  iOUT_q                               
0     0005d000  DevCfgRegs                           
0     0005d200  ClkCfgRegs                           
0     0005d300  CpuSysRegs                           
0     0005d700  AnalogSubsysRegs                     
0     0005e700  Dcc0Regs                             
0     0005e740  Dcc1Regs                             
0     0005e780  Dcc2Regs                             
0     0005f800  Flash0CtrlRegs                       
0     0005fb00  Flash0EccRegs                        
0     00080000  code_start                           
0     00082000  __kernel_rem_pio2                    
0     0008245f  SVPWM                                
0     00082837  epwm1_isr                            
0     00082bab  _system_post_cinit                   
0     00082bac  __rem_pio2                           
0     00082e7f  Position_Calculate                   
0     000830e1  GPIO_SetupPinMux                     
0     00083202  GPIO_SetupPinOptions                 
0     00083300  SetupADCSoftware                     
0     000833f6  InitSysPll                           
0     000834dc  floor                                
0     000834dc  floorl                               
0     000835b6  ceil                                 
0     000835b6  ceill                                
0     0008368f  initTILE1                            
0     0008374d  AdcSetMode                           
0     00083808  IsPLLValid                           
0     000838bd  InitPeripheralClocks                 
0     0008396f  VerifyXTAL                           
0     00083a1e  InitAuxPll                           
0     00083aca  ldexp                                
0     00083aca  ldexpl                               
0     00083aca  scalbn                               
0     00083aca  scalbnl                              
0     00083b71  ComputeCntrSeedValue                 
0     00083c08  __kernel_sin                         
0     00083c93  __c28xabi_divf                       
0     00083d1b  InitEPwm1Example                     
0     00083d92  __kernel_cos                         
0     00083e09  InitEPwm2Example                     
0     00083e7c  InitEPwm3Example                     
0     00083eef  cos                                  
0     00083eef  cosl                                 
0     00083f5e  sin                                  
0     00083f5e  sinl                                 
0     00083fc9  GPIO_setPinConfig                    
0     00084000  Inverse_PARK                         
0     0008405d  PARK                                 
0     00084115  InitSysCtrl                          
0     00084170  main                                 
0     000841cb  CLB_configCounterLoadMatch           
0     00084224  ConfigureADC                         
0     0008427a  InitGpio                             
0     000842d0  initEQEP                             
0     00084324  GPIO_setPadConfig                    
0     00084376  sCalculation                         
0     000843b4  CalAdcINL                            
0     000843f1  InitGPIOset                          
0     00084564  GPIO_setDirectionMode                
0     00084595  __TI_decompress_lzss                 
0     000845c6  CLARK                                
0     0008464b  __TI_auto_init_nobinit_nopinit       
0     00084676  copysign                             
0     00084676  copysignl                            
0     000846c9  C$$EXIT                              
0     000846c9  abort                                
0     000846cb  exit                                 
0     000846f2  InitPieVectTable                     
0     00084787  ePWMGen                              
0     000847ac  SysXtalOscSel                        
0     000847cf  __c28xabi_divi                       
0     000847e0  __c28xabi_modi                       
0     0008488f  InitPieCtrl                          
0     00084942  memcpy                               
0     00084a67  GPIO_EnableUnbondedIOPullupsFor176Pin
0     00084a80  _c_int00                             
0     00084ab1  __c28xabi_andll                      
0     00084ab9  __c28xabi_orll                       
0     00084ac1  __c28xabi_xorll                      
0     00084af5  SysXtalOscSESel                      
0     00084b47  InitEPwm3Gpio                        
0     00084b6d  InitEPwm1Gpio                        
0     00084b7f  InitEPwm2Gpio                        
0     00084b91  AuxXtalOscSESel                      
0     00084ba2  AuxXtalOscSel                        
0     00084be0  DisableDog                           
0     00084bee  GPIO_EnableUnbondedIOPullups         
0     00084c0a  EMPTY_ISR                            
0     00084c17  __TI_zero_init_nomemset              
0     00084c24  _args_main                           
0     00084c30  ADCA1_ISR                            
0     00084c3a  ADCA2_ISR                            
0     00084c44  ADCA3_ISR                            
0     00084c4e  ADCA4_ISR                            
0     00084c58  ADCA_EVT_ISR                         
0     00084c62  ADCB1_ISR                            
0     00084c6c  ADCB2_ISR                            
0     00084c76  ADCB3_ISR                            
0     00084c80  ADCB4_ISR                            
0     00084c8a  ADCB_EVT_ISR                         
0     00084c94  ADCC1_ISR                            
0     00084c9e  ADCC2_ISR                            
0     00084ca8  ADCC3_ISR                            
0     00084cb2  ADCC4_ISR                            
0     00084cbc  ADCC_EVT_ISR                         
0     00084cc6  ADCD1_ISR                            
0     00084cd0  ADCD2_ISR                            
0     00084cda  ADCD3_ISR                            
0     00084ce4  ADCD4_ISR                            
0     00084cee  ADCD_EVT_ISR                         
0     00084cf8  AuxAuxClkSel                         
0     00084d02  CANA0_ISR                            
0     00084d0c  CANA1_ISR                            
0     00084d16  CANB0_ISR                            
0     00084d20  CANB1_ISR                            
0     00084d2a  CIPC0_ISR                            
0     00084d34  CIPC1_ISR                            
0     00084d3e  CIPC2_ISR                            
0     00084d48  CIPC3_ISR                            
0     00084d52  CLA1CRC_ISR                          
0     00084d5c  CLA1_1_ISR                           
0     00084d66  CLA1_2_ISR                           
0     00084d70  CLA1_3_ISR                           
0     00084d7a  CLA1_4_ISR                           
0     00084d84  CLA1_5_ISR                           
0     00084d8e  CLA1_6_ISR                           
0     00084d98  CLA1_7_ISR                           
0     00084da2  CLA1_8_ISR                           
0     00084dac  CLA_OVERFLOW_ISR                     
0     00084db6  CLA_UNDERFLOW_ISR                    
0     00084dc0  CLB1_ISR                             
0     00084dca  CLB2_ISR                             
0     00084dd4  CLB3_ISR                             
0     00084dde  CLB4_ISR                             
0     00084de8  CLB5_ISR                             
0     00084df2  CLB6_ISR                             
0     00084dfc  CLB7_ISR                             
0     00084e06  CLB8_ISR                             
0     00084e10  CMTOCPUXIPC0_ISR                     
0     00084e1a  CMTOCPUXIPC1_ISR                     
0     00084e24  CMTOCPUXIPC2_ISR                     
0     00084e2e  CMTOCPUXIPC3_ISR                     
0     00084e38  CMTOCPUXIPC4_ISR                     
0     00084e42  CMTOCPUXIPC5_ISR                     
0     00084e4c  CMTOCPUXIPC6_ISR                     
0     00084e56  CMTOCPUXIPC7_ISR                     
0     00084e60  CM_STATUS_ISR                        
0     00084e6a  CPUCRC_ISR                           
0     00084e74  DATALOG_ISR                          
0     00084e7e  DMA_CH1_ISR                          
0     00084e88  DMA_CH2_ISR                          
0     00084e92  DMA_CH3_ISR                          
0     00084e9c  DMA_CH4_ISR                          
0     00084ea6  DMA_CH5_ISR                          
0     00084eb0  DMA_CH6_ISR                          
0     00084eba  ECAP1_ISR                            
0     00084ec4  ECAP2_ISR                            
0     00084ece  ECAP3_ISR                            
0     00084ed8  ECAP4_ISR                            
0     00084ee2  ECAP5_ISR                            
0     00084eec  ECAP6_2_ISR                          
0     00084ef6  ECAP6_ISR                            
0     00084f00  ECAP7_2_ISR                          
0     00084f0a  ECAP7_ISR                            
0     00084f14  ECATRST_ISR                          
0     00084f1e  ECATSYNC0_ISR                        
0     00084f28  ECATSYNC1_ISR                        
0     00084f32  ECAT_ISR                             
0     00084f3c  EMU_ISR                              
0     00084f46  EPWM10_ISR                           
0     00084f50  EPWM10_TZ_ISR                        
0     00084f5a  EPWM11_ISR                           
0     00084f64  EPWM11_TZ_ISR                        
0     00084f6e  EPWM12_ISR                           
0     00084f78  EPWM12_TZ_ISR                        
0     00084f82  EPWM13_ISR                           
0     00084f8c  EPWM13_TZ_ISR                        
0     00084f96  EPWM14_ISR                           
0     00084fa0  EPWM14_TZ_ISR                        
0     00084faa  EPWM15_ISR                           
0     00084fb4  EPWM15_TZ_ISR                        
0     00084fbe  EPWM16_ISR                           
0     00084fc8  EPWM16_TZ_ISR                        
0     00084fd2  EPWM1_ISR                            
0     00084fdc  EPWM1_TZ_ISR                         
0     00084fe6  EPWM2_ISR                            
0     00084ff0  EPWM2_TZ_ISR                         
0     00084ffa  EPWM3_ISR                            
0     00085004  EPWM3_TZ_ISR                         
0     0008500e  EPWM4_ISR                            
0     00085018  EPWM4_TZ_ISR                         
0     00085022  EPWM5_ISR                            
0     0008502c  EPWM5_TZ_ISR                         
0     00085036  EPWM6_ISR                            
0     00085040  EPWM6_TZ_ISR                         
0     0008504a  EPWM7_ISR                            
0     00085054  EPWM7_TZ_ISR                         
0     0008505e  EPWM8_ISR                            
0     00085068  EPWM8_TZ_ISR                         
0     00085072  EPWM9_ISR                            
0     0008507c  EPWM9_TZ_ISR                         
0     00085086  EQEP1_ISR                            
0     00085090  EQEP2_ISR                            
0     0008509a  EQEP3_ISR                            
0     000850a4  FMC_ISR                              
0     000850ae  FPU_OFLOW_ISR                        
0     000850b8  FPU_UFLOW_ISR                        
0     000850c2  FSIRXA1_ISR                          
0     000850cc  FSIRXA2_ISR                          
0     000850d6  FSIRXB1_ISR                          
0     000850e0  FSIRXB2_ISR                          
0     000850ea  FSIRXC1_ISR                          
0     000850f4  FSIRXC2_ISR                          
0     000850fe  FSIRXD1_ISR                          
0     00085108  FSIRXD2_ISR                          
0     00085112  FSIRXE1_ISR                          
0     0008511c  FSIRXE2_ISR                          
0     00085126  FSIRXF1_ISR                          
0     00085130  FSIRXF2_ISR                          
0     0008513a  FSIRXG1_ISR                          
0     00085144  FSIRXG2_ISR                          
0     0008514e  FSIRXH1_ISR                          
0     00085158  FSIRXH2_ISR                          
0     00085162  FSITXA1_ISR                          
0     0008516c  FSITXA2_ISR                          
0     00085176  FSITXB1_ISR                          
0     00085180  FSITXB2_ISR                          
0     0008518a  I2CA_FIFO_ISR                        
0     00085194  I2CA_HIGH_ISR                        
0     0008519e  I2CA_ISR                             
0     000851a8  I2CB_FIFO_ISR                        
0     000851b2  I2CB_ISR                             
0     000851bc  ILLEGAL_ISR                          
0     000851c6  MCANSS0_ISR                          
0     000851d0  MCANSS1_ISR                          
0     000851da  MCANSS_ECC_CORR_PLS_ISR              
0     000851e4  MCANSS_WAKE_AND_TS_PLS_ISR           
0     000851ee  MCBSPA_RX_ISR                        
0     000851f8  MCBSPA_TX_ISR                        
0     00085202  MCBSPB_RX_ISR                        
0     0008520c  MCBSPB_TX_ISR                        
0     00085216  MPOST_ISR                            
0     00085220  NMI_ISR                              
0     0008522a  NOTUSED_ISR                          
0     00085234  PIE_RESERVED_ISR                     
0     0008523e  PMBUSA_ISR                           
0     00085248  RTOS_ISR                             
0     00085252  SCIA_RX_ISR                          
0     0008525c  SCIA_TX_ISR                          
0     00085266  SCIB_RX_ISR                          
0     00085270  SCIB_TX_ISR                          
0     0008527a  SCIC_RX_ISR                          
0     00085284  SCIC_TX_ISR                          
0     0008528e  SCID_RX_ISR                          
0     00085298  SCID_TX_ISR                          
0     000852a2  SDFM1DR1_ISR                         
0     000852ac  SDFM1DR2_ISR                         
0     000852b6  SDFM1DR3_ISR                         
0     000852c0  SDFM1DR4_ISR                         
0     000852ca  SDFM1_ISR                            
0     000852d4  SDFM2DR1_ISR                         
0     000852de  SDFM2DR2_ISR                         
0     000852e8  SDFM2DR3_ISR                         
0     000852f2  SDFM2DR4_ISR                         
0     000852fc  SDFM2_ISR                            
0     00085306  SPIA_RX_ISR                          
0     00085310  SPIA_TX_ISR                          
0     0008531a  SPIB_RX_ISR                          
0     00085324  SPIB_TX_ISR                          
0     0008532e  SPIC_RX_ISR                          
0     00085338  SPIC_TX_ISR                          
0     00085342  SPID_RX_ISR                          
0     0008534c  SPID_TX_ISR                          
0     00085356  SYS_ERR_ISR                          
0     00085360  SysIntOsc1Sel                        
0     0008536a  TIMER0_ISR                           
0     00085374  TIMER1_ISR                           
0     0008537e  TIMER2_ISR                           
0     00085388  USBA_ISR                             
0     00085392  USER10_ISR                           
0     0008539c  USER11_ISR                           
0     000853a6  USER12_ISR                           
0     000853b0  USER1_ISR                            
0     000853ba  USER2_ISR                            
0     000853c4  USER3_ISR                            
0     000853ce  USER4_ISR                            
0     000853d8  USER5_ISR                            
0     000853e2  USER6_ISR                            
0     000853ec  USER7_ISR                            
0     000853f6  USER8_ISR                            
0     00085400  USER9_ISR                            
0     0008540a  WAKE_ISR                             
0     00085414  XINT1_ISR                            
0     0008541e  XINT2_ISR                            
0     00085428  XINT3_ISR                            
0     00085432  XINT4_ISR                            
0     0008543c  XINT5_ISR                            
0     00085446  _register_unlock                     
0     0008544a  _register_lock                       
0     0008544e  _nop                                 
0     0008544f  AuxIntOsc2Sel                        
0     00085457  SysIntOsc2Sel                        
0     0008545f  __TI_decompress_none                 
0     0008546f  __error__                            
0     00085476  _system_pre_init                     
0     00086000  RamfuncsLoadStart                    
0     00086029  RamfuncsLoadEnd                      
0     0008802e  __TI_Handler_Table_Base              
0     00088034  __TI_Handler_Table_Limit             
0     0008803c  __TI_CINIT_Base                      
0     00088048  __TI_CINIT_Limit                     
0     00090000  PieVectTableInit                     
abs   00000029  RamfuncsLoadSize                     
abs   00000029  RamfuncsRunSize                      
abs   00000100  __TI_STACK_SIZE                      
abs   ffffffff  __TI_pprof_out_hndl                  
abs   ffffffff  __TI_prof_data_size                  
abs   ffffffff  __TI_prof_data_start                 
n/a   UNDEFED   __c_args__                           

[463 symbols]
