<?xml version="1.0" encoding="ISO-8859-1" ?>
<link_info>
   <banner>TMS320C2000 Linker PC v20.2.0.LTS</banner>
   <copyright>Copyright (c) 1996-2018 Texas Instruments Incorporated</copyright>
   <link_time>0x60cc8778</link_time>
   <link_errors>0x0</link_errors>
   <output_file>empty_bitfield_driverlib_project.out</output_file>
   <entry_point>
      <name>code_start</name>
      <address>0x0</address>
   </entry_point>
   <input_file_list>
      <input_file id="fl-2">
         <path>.\</path>
         <kind>object</kind>
         <file>empty_bitfield_driverlib_main.obj</file>
         <name>empty_bitfield_driverlib_main.obj</name>
      </input_file>
      <input_file id="fl-3">
         <path>.\</path>
         <kind>object</kind>
         <file>f2838x_codestartbranch.obj</file>
         <name>f2838x_codestartbranch.obj</name>
      </input_file>
      <input_file id="fl-4">
         <path>.\</path>
         <kind>object</kind>
         <file>f2838x_defaultisr.obj</file>
         <name>f2838x_defaultisr.obj</name>
      </input_file>
      <input_file id="fl-5">
         <path>.\</path>
         <kind>object</kind>
         <file>f2838x_globalvariabledefs.obj</file>
         <name>f2838x_globalvariabledefs.obj</name>
      </input_file>
      <input_file id="fl-6">
         <path>.\</path>
         <kind>object</kind>
         <file>f2838x_gpio.obj</file>
         <name>f2838x_gpio.obj</name>
      </input_file>
      <input_file id="fl-7">
         <path>.\</path>
         <kind>object</kind>
         <file>f2838x_piectrl.obj</file>
         <name>f2838x_piectrl.obj</name>
      </input_file>
      <input_file id="fl-8">
         <path>.\</path>
         <kind>object</kind>
         <file>f2838x_pievect.obj</file>
         <name>f2838x_pievect.obj</name>
      </input_file>
      <input_file id="fl-9">
         <path>.\</path>
         <kind>object</kind>
         <file>f2838x_sysctrl.obj</file>
         <name>f2838x_sysctrl.obj</name>
      </input_file>
      <input_file id="fl-a">
         <path>.\</path>
         <kind>object</kind>
         <file>f2838x_usdelay.obj</file>
         <name>f2838x_usdelay.obj</name>
      </input_file>
      <input_file id="fl-b">
         <path>.\device\</path>
         <kind>object</kind>
         <file>device.obj</file>
         <name>device.obj</name>
      </input_file>
      <input_file id="fl-11">
         <kind>object</kind>
         <file>&lt;internal&gt;</file>
         <name>&lt;internal&gt;</name>
      </input_file>
      <input_file id="fl-12">
         <path>F:\DSP\CCS\C2000Ware_3_04_00_00_Software\driverlib\f2838x\driverlib\ccs\Debug\</path>
         <kind>archive</kind>
         <file>driverlib.lib</file>
         <name>dcc.obj</name>
      </input_file>
      <input_file id="fl-13">
         <path>F:\DSP\CCS\C2000Ware_3_04_00_00_Software\driverlib\f2838x\driverlib\ccs\Debug\</path>
         <kind>archive</kind>
         <file>driverlib.lib</file>
         <name>ipc.obj</name>
      </input_file>
      <input_file id="fl-14">
         <path>F:\DSP\CCS\C2000Ware_3_04_00_00_Software\driverlib\f2838x\driverlib\ccs\Debug\</path>
         <kind>archive</kind>
         <file>driverlib.lib</file>
         <name>sysctl.obj</name>
      </input_file>
      <input_file id="fl-15">
         <path>F:\DSP\CCS\C2000Ware_3_04_00_00_Software\driverlib\f2838x\driverlib\ccs\Debug\</path>
         <kind>archive</kind>
         <file>driverlib.lib</file>
         <name>interrupt.obj</name>
      </input_file>
      <input_file id="fl-21">
         <path>F:\DSP\CCS\ccs\tools\compiler\ti-cgt-c2000_20.2.0.LTS\lib\</path>
         <kind>archive</kind>
         <file>rts2800_fpu64_eabi.lib</file>
         <name>s_ceil.c.obj</name>
      </input_file>
      <input_file id="fl-22">
         <path>F:\DSP\CCS\ccs\tools\compiler\ti-cgt-c2000_20.2.0.LTS\lib\</path>
         <kind>archive</kind>
         <file>rts2800_fpu64_eabi.lib</file>
         <name>s_cos.c.obj</name>
      </input_file>
      <input_file id="fl-23">
         <path>F:\DSP\CCS\ccs\tools\compiler\ti-cgt-c2000_20.2.0.LTS\lib\</path>
         <kind>archive</kind>
         <file>rts2800_fpu64_eabi.lib</file>
         <name>s_sin.c.obj</name>
      </input_file>
      <input_file id="fl-24">
         <path>F:\DSP\CCS\ccs\tools\compiler\ti-cgt-c2000_20.2.0.LTS\lib\</path>
         <kind>archive</kind>
         <file>rts2800_fpu64_eabi.lib</file>
         <name>boot28.asm.obj</name>
      </input_file>
      <input_file id="fl-25">
         <path>F:\DSP\CCS\ccs\tools\compiler\ti-cgt-c2000_20.2.0.LTS\lib\</path>
         <kind>archive</kind>
         <file>rts2800_fpu64_eabi.lib</file>
         <name>fs_div28.asm.obj</name>
      </input_file>
      <input_file id="fl-26">
         <path>F:\DSP\CCS\ccs\tools\compiler\ti-cgt-c2000_20.2.0.LTS\lib\</path>
         <kind>archive</kind>
         <file>rts2800_fpu64_eabi.lib</file>
         <name>ll_aox28.asm.obj</name>
      </input_file>
      <input_file id="fl-27">
         <path>F:\DSP\CCS\ccs\tools\compiler\ti-cgt-c2000_20.2.0.LTS\lib\</path>
         <kind>archive</kind>
         <file>rts2800_fpu64_eabi.lib</file>
         <name>ll_cmp28.asm.obj</name>
      </input_file>
      <input_file id="fl-28">
         <path>F:\DSP\CCS\ccs\tools\compiler\ti-cgt-c2000_20.2.0.LTS\lib\</path>
         <kind>archive</kind>
         <file>rts2800_fpu64_eabi.lib</file>
         <name>pre_init.c.obj</name>
      </input_file>
      <input_file id="fl-29">
         <path>F:\DSP\CCS\ccs\tools\compiler\ti-cgt-c2000_20.2.0.LTS\lib\</path>
         <kind>archive</kind>
         <file>rts2800_fpu64_eabi.lib</file>
         <name>autoinit.c.obj</name>
      </input_file>
      <input_file id="fl-2a">
         <path>F:\DSP\CCS\ccs\tools\compiler\ti-cgt-c2000_20.2.0.LTS\lib\</path>
         <kind>archive</kind>
         <file>rts2800_fpu64_eabi.lib</file>
         <name>copy_zero_init.c.obj</name>
      </input_file>
      <input_file id="fl-2b">
         <path>F:\DSP\CCS\ccs\tools\compiler\ti-cgt-c2000_20.2.0.LTS\lib\</path>
         <kind>archive</kind>
         <file>rts2800_fpu64_eabi.lib</file>
         <name>copy_decompress_none.c.obj</name>
      </input_file>
      <input_file id="fl-2c">
         <path>F:\DSP\CCS\ccs\tools\compiler\ti-cgt-c2000_20.2.0.LTS\lib\</path>
         <kind>archive</kind>
         <file>rts2800_fpu64_eabi.lib</file>
         <name>copy_decompress_lzss.c.obj</name>
      </input_file>
      <input_file id="fl-2d">
         <path>F:\DSP\CCS\ccs\tools\compiler\ti-cgt-c2000_20.2.0.LTS\lib\</path>
         <kind>archive</kind>
         <file>rts2800_fpu64_eabi.lib</file>
         <name>exit.c.obj</name>
      </input_file>
      <input_file id="fl-2e">
         <path>F:\DSP\CCS\ccs\tools\compiler\ti-cgt-c2000_20.2.0.LTS\lib\</path>
         <kind>archive</kind>
         <file>rts2800_fpu64_eabi.lib</file>
         <name>_lock.c.obj</name>
      </input_file>
      <input_file id="fl-2f">
         <path>F:\DSP\CCS\ccs\tools\compiler\ti-cgt-c2000_20.2.0.LTS\lib\</path>
         <kind>archive</kind>
         <file>rts2800_fpu64_eabi.lib</file>
         <name>args_main.c.obj</name>
      </input_file>
      <input_file id="fl-30">
         <path>F:\DSP\CCS\ccs\tools\compiler\ti-cgt-c2000_20.2.0.LTS\lib\</path>
         <kind>archive</kind>
         <file>rts2800_fpu64_eabi.lib</file>
         <name>memset.c.obj</name>
      </input_file>
      <input_file id="fl-31">
         <path>F:\DSP\CCS\ccs\tools\compiler\ti-cgt-c2000_20.2.0.LTS\lib\</path>
         <kind>archive</kind>
         <file>rts2800_fpu64_eabi.lib</file>
         <name>e_rem_pio2.c.obj</name>
      </input_file>
      <input_file id="fl-32">
         <path>F:\DSP\CCS\ccs\tools\compiler\ti-cgt-c2000_20.2.0.LTS\lib\</path>
         <kind>archive</kind>
         <file>rts2800_fpu64_eabi.lib</file>
         <name>k_rem_pio2.c.obj</name>
      </input_file>
      <input_file id="fl-33">
         <path>F:\DSP\CCS\ccs\tools\compiler\ti-cgt-c2000_20.2.0.LTS\lib\</path>
         <kind>archive</kind>
         <file>rts2800_fpu64_eabi.lib</file>
         <name>k_cos.c.obj</name>
      </input_file>
      <input_file id="fl-34">
         <path>F:\DSP\CCS\ccs\tools\compiler\ti-cgt-c2000_20.2.0.LTS\lib\</path>
         <kind>archive</kind>
         <file>rts2800_fpu64_eabi.lib</file>
         <name>k_sin.c.obj</name>
      </input_file>
      <input_file id="fl-35">
         <path>F:\DSP\CCS\ccs\tools\compiler\ti-cgt-c2000_20.2.0.LTS\lib\</path>
         <kind>archive</kind>
         <file>rts2800_fpu64_eabi.lib</file>
         <name>s_floor.c.obj</name>
      </input_file>
      <input_file id="fl-36">
         <path>F:\DSP\CCS\ccs\tools\compiler\ti-cgt-c2000_20.2.0.LTS\lib\</path>
         <kind>archive</kind>
         <file>rts2800_fpu64_eabi.lib</file>
         <name>s_scalbn.c.obj</name>
      </input_file>
      <input_file id="fl-37">
         <path>F:\DSP\CCS\ccs\tools\compiler\ti-cgt-c2000_20.2.0.LTS\lib\</path>
         <kind>archive</kind>
         <file>rts2800_fpu64_eabi.lib</file>
         <name>s_copysign.c.obj</name>
      </input_file>
      <input_file id="fl-38">
         <path>F:\DSP\CCS\ccs\tools\compiler\ti-cgt-c2000_20.2.0.LTS\lib\</path>
         <kind>archive</kind>
         <file>rts2800_fpu64_eabi.lib</file>
         <name>i_div28.asm.obj</name>
      </input_file>
      <input_file id="fl-39">
         <path>F:\DSP\CCS\ccs\tools\compiler\ti-cgt-c2000_20.2.0.LTS\lib\</path>
         <kind>archive</kind>
         <file>rts2800_fpu64_eabi.lib</file>
         <name>cpy_tbl.c.obj</name>
      </input_file>
      <input_file id="fl-3a">
         <path>F:\DSP\CCS\ccs\tools\compiler\ti-cgt-c2000_20.2.0.LTS\lib\</path>
         <kind>archive</kind>
         <file>rts2800_fpu64_eabi.lib</file>
         <name>memcpy.c.obj</name>
      </input_file>
      <input_file id="fl-3b">
         <path>F:\DSP\CCS\ccs\tools\compiler\ti-cgt-c2000_20.2.0.LTS\lib\</path>
         <kind>archive</kind>
         <file>rts2800_fpu64_eabi.lib</file>
         <name>startup.c.obj</name>
      </input_file>
      <input_file id="fl-3c">
         <path>F:\DSP\CCS\ccs\tools\compiler\ti-cgt-c2000_20.2.0.LTS\lib\</path>
         <kind>archive</kind>
         <file>rts2800_fpu64_eabi.lib</file>
         <name>errno.c.obj</name>
      </input_file>
   </input_file_list>
   <object_component_list>
      <object_component id="oc-e0">
         <name>codestart</name>
         <load_address>0x0</load_address>
         <run_address>0x0</run_address>
         <size>0x2</size>
         <input_file_ref idref="fl-3"/>
      </object_component>
      <object_component id="oc-70d">
         <name>.text</name>
         <load_address>0x8000</load_address>
         <run_address>0x8000</run_address>
         <size>0x19</size>
         <input_file_ref idref="fl-24"/>
      </object_component>
      <object_component id="oc-7f6">
         <name>.text</name>
         <load_address>0x8019</load_address>
         <run_address>0x8019</run_address>
         <size>0x18</size>
         <input_file_ref idref="fl-26"/>
      </object_component>
      <object_component id="oc-60b">
         <name>.text:InitEPwm3Gpio</name>
         <load_address>0x8031</load_address>
         <run_address>0x8031</run_address>
         <size>0x14</size>
         <input_file_ref idref="fl-2"/>
      </object_component>
      <object_component id="oc-605">
         <name>.text:InitEPwm2Gpio</name>
         <load_address>0x8045</load_address>
         <run_address>0x8045</run_address>
         <size>0x12</size>
         <input_file_ref idref="fl-2"/>
      </object_component>
      <object_component id="oc-5bc">
         <name>.text:EMPTY_ISR</name>
         <load_address>0x8057</load_address>
         <run_address>0x8057</run_address>
         <size>0xd</size>
         <input_file_ref idref="fl-4"/>
      </object_component>
      <object_component id="oc-5d3">
         <name>.text:decompress:ZI:__TI_zero_init_nomemset</name>
         <load_address>0x8064</load_address>
         <run_address>0x8064</run_address>
         <size>0xd</size>
         <input_file_ref idref="fl-2a"/>
      </object_component>
      <object_component id="oc-74c">
         <name>.text</name>
         <load_address>0x8071</load_address>
         <run_address>0x8071</run_address>
         <size>0xc</size>
         <input_file_ref idref="fl-2f"/>
      </object_component>
      <object_component id="oc-166">
         <name>.text:ADCA1_ISR</name>
         <load_address>0x807d</load_address>
         <run_address>0x807d</run_address>
         <size>0xa</size>
         <input_file_ref idref="fl-4"/>
      </object_component>
      <object_component id="oc-304">
         <name>.text:ADCA2_ISR</name>
         <load_address>0x8087</load_address>
         <run_address>0x8087</run_address>
         <size>0xa</size>
         <input_file_ref idref="fl-4"/>
      </object_component>
      <object_component id="oc-30a">
         <name>.text:ADCA3_ISR</name>
         <load_address>0x8091</load_address>
         <run_address>0x8091</run_address>
         <size>0xa</size>
         <input_file_ref idref="fl-4"/>
      </object_component>
      <object_component id="oc-310">
         <name>.text:ADCA4_ISR</name>
         <load_address>0x809b</load_address>
         <run_address>0x809b</run_address>
         <size>0xa</size>
         <input_file_ref idref="fl-4"/>
      </object_component>
      <object_component id="oc-2fe">
         <name>.text:ADCA_EVT_ISR</name>
         <load_address>0x80a5</load_address>
         <run_address>0x80a5</run_address>
         <size>0xa</size>
         <input_file_ref idref="fl-4"/>
      </object_component>
      <object_component id="oc-16c">
         <name>.text:ADCB1_ISR</name>
         <load_address>0x80af</load_address>
         <run_address>0x80af</run_address>
         <size>0xa</size>
         <input_file_ref idref="fl-4"/>
      </object_component>
      <object_component id="oc-31c">
         <name>.text:ADCB2_ISR</name>
         <load_address>0x80b9</load_address>
         <run_address>0x80b9</run_address>
         <size>0xa</size>
         <input_file_ref idref="fl-4"/>
      </object_component>
      <object_component id="oc-322">
         <name>.text:ADCB3_ISR</name>
         <load_address>0x80c3</load_address>
         <run_address>0x80c3</run_address>
         <size>0xa</size>
         <input_file_ref idref="fl-4"/>
      </object_component>
      <object_component id="oc-328">
         <name>.text:ADCB4_ISR</name>
         <load_address>0x80cd</load_address>
         <run_address>0x80cd</run_address>
         <size>0xa</size>
         <input_file_ref idref="fl-4"/>
      </object_component>
      <object_component id="oc-316">
         <name>.text:ADCB_EVT_ISR</name>
         <load_address>0x80d7</load_address>
         <run_address>0x80d7</run_address>
         <size>0xa</size>
         <input_file_ref idref="fl-4"/>
      </object_component>
      <object_component id="oc-172">
         <name>.text:ADCC1_ISR</name>
         <load_address>0x80e1</load_address>
         <run_address>0x80e1</run_address>
         <size>0xa</size>
         <input_file_ref idref="fl-4"/>
      </object_component>
      <object_component id="oc-538">
         <name>.text:ADCC2_ISR</name>
         <load_address>0x80eb</load_address>
         <run_address>0x80eb</run_address>
         <size>0xa</size>
         <input_file_ref idref="fl-4"/>
      </object_component>
      <object_component id="oc-53e">
         <name>.text:ADCC3_ISR</name>
         <load_address>0x80f5</load_address>
         <run_address>0x80f5</run_address>
         <size>0xa</size>
         <input_file_ref idref="fl-4"/>
      </object_component>
      <object_component id="oc-544">
         <name>.text:ADCC4_ISR</name>
         <load_address>0x80ff</load_address>
         <run_address>0x80ff</run_address>
         <size>0xa</size>
         <input_file_ref idref="fl-4"/>
      </object_component>
      <object_component id="oc-532">
         <name>.text:ADCC_EVT_ISR</name>
         <load_address>0x8109</load_address>
         <run_address>0x8109</run_address>
         <size>0xa</size>
         <input_file_ref idref="fl-4"/>
      </object_component>
      <object_component id="oc-184">
         <name>.text:ADCD1_ISR</name>
         <load_address>0x8113</load_address>
         <run_address>0x8113</run_address>
         <size>0xa</size>
         <input_file_ref idref="fl-4"/>
      </object_component>
      <object_component id="oc-550">
         <name>.text:ADCD2_ISR</name>
         <load_address>0x811d</load_address>
         <run_address>0x811d</run_address>
         <size>0xa</size>
         <input_file_ref idref="fl-4"/>
      </object_component>
      <object_component id="oc-556">
         <name>.text:ADCD3_ISR</name>
         <load_address>0x8127</load_address>
         <run_address>0x8127</run_address>
         <size>0xa</size>
         <input_file_ref idref="fl-4"/>
      </object_component>
      <object_component id="oc-55c">
         <name>.text:ADCD4_ISR</name>
         <load_address>0x8131</load_address>
         <run_address>0x8131</run_address>
         <size>0xa</size>
         <input_file_ref idref="fl-4"/>
      </object_component>
      <object_component id="oc-54a">
         <name>.text:ADCD_EVT_ISR</name>
         <load_address>0x813b</load_address>
         <run_address>0x813b</run_address>
         <size>0xa</size>
         <input_file_ref idref="fl-4"/>
      </object_component>
      <object_component id="oc-2e6">
         <name>.text:CANA0_ISR</name>
         <load_address>0x8145</load_address>
         <run_address>0x8145</run_address>
         <size>0xa</size>
         <input_file_ref idref="fl-4"/>
      </object_component>
      <object_component id="oc-2ec">
         <name>.text:CANA1_ISR</name>
         <load_address>0x814f</load_address>
         <run_address>0x814f</run_address>
         <size>0xa</size>
         <input_file_ref idref="fl-4"/>
      </object_component>
      <object_component id="oc-2f2">
         <name>.text:CANB0_ISR</name>
         <load_address>0x8159</load_address>
         <run_address>0x8159</run_address>
         <size>0xa</size>
         <input_file_ref idref="fl-4"/>
      </object_component>
      <object_component id="oc-2f8">
         <name>.text:CANB1_ISR</name>
         <load_address>0x8163</load_address>
         <run_address>0x8163</run_address>
         <size>0xa</size>
         <input_file_ref idref="fl-4"/>
      </object_component>
      <object_component id="oc-3a0">
         <name>.text:CIPC0_ISR</name>
         <load_address>0x816d</load_address>
         <run_address>0x816d</run_address>
         <size>0xa</size>
         <input_file_ref idref="fl-4"/>
      </object_component>
      <object_component id="oc-3a6">
         <name>.text:CIPC1_ISR</name>
         <load_address>0x8177</load_address>
         <run_address>0x8177</run_address>
         <size>0xa</size>
         <input_file_ref idref="fl-4"/>
      </object_component>
      <object_component id="oc-3ac">
         <name>.text:CIPC2_ISR</name>
         <load_address>0x8181</load_address>
         <run_address>0x8181</run_address>
         <size>0xa</size>
         <input_file_ref idref="fl-4"/>
      </object_component>
      <object_component id="oc-3b2">
         <name>.text:CIPC3_ISR</name>
         <load_address>0x818b</load_address>
         <run_address>0x818b</run_address>
         <size>0xa</size>
         <input_file_ref idref="fl-4"/>
      </object_component>
      <object_component id="oc-5a4">
         <name>.text:CLA1CRC_ISR</name>
         <load_address>0x8195</load_address>
         <run_address>0x8195</run_address>
         <size>0xa</size>
         <input_file_ref idref="fl-4"/>
      </object_component>
      <object_component id="oc-32e">
         <name>.text:CLA1_1_ISR</name>
         <load_address>0x819f</load_address>
         <run_address>0x819f</run_address>
         <size>0xa</size>
         <input_file_ref idref="fl-4"/>
      </object_component>
      <object_component id="oc-334">
         <name>.text:CLA1_2_ISR</name>
         <load_address>0x81a9</load_address>
         <run_address>0x81a9</run_address>
         <size>0xa</size>
         <input_file_ref idref="fl-4"/>
      </object_component>
      <object_component id="oc-33a">
         <name>.text:CLA1_3_ISR</name>
         <load_address>0x81b3</load_address>
         <run_address>0x81b3</run_address>
         <size>0xa</size>
         <input_file_ref idref="fl-4"/>
      </object_component>
      <object_component id="oc-340">
         <name>.text:CLA1_4_ISR</name>
         <load_address>0x81bd</load_address>
         <run_address>0x81bd</run_address>
         <size>0xa</size>
         <input_file_ref idref="fl-4"/>
      </object_component>
      <object_component id="oc-346">
         <name>.text:CLA1_5_ISR</name>
         <load_address>0x81c7</load_address>
         <run_address>0x81c7</run_address>
         <size>0xa</size>
         <input_file_ref idref="fl-4"/>
      </object_component>
      <object_component id="oc-34c">
         <name>.text:CLA1_6_ISR</name>
         <load_address>0x81d1</load_address>
         <run_address>0x81d1</run_address>
         <size>0xa</size>
         <input_file_ref idref="fl-4"/>
      </object_component>
      <object_component id="oc-352">
         <name>.text:CLA1_7_ISR</name>
         <load_address>0x81db</load_address>
         <run_address>0x81db</run_address>
         <size>0xa</size>
         <input_file_ref idref="fl-4"/>
      </object_component>
      <object_component id="oc-358">
         <name>.text:CLA1_8_ISR</name>
         <load_address>0x81e5</load_address>
         <run_address>0x81e5</run_address>
         <size>0xa</size>
         <input_file_ref idref="fl-4"/>
      </object_component>
      <object_component id="oc-5aa">
         <name>.text:CLA_OVERFLOW_ISR</name>
         <load_address>0x81ef</load_address>
         <run_address>0x81ef</run_address>
         <size>0xa</size>
         <input_file_ref idref="fl-4"/>
      </object_component>
      <object_component id="oc-5b0">
         <name>.text:CLA_UNDERFLOW_ISR</name>
         <load_address>0x81f9</load_address>
         <run_address>0x81f9</run_address>
         <size>0xa</size>
         <input_file_ref idref="fl-4"/>
      </object_component>
      <object_component id="oc-232">
         <name>.text:CLB1_ISR</name>
         <load_address>0x8203</load_address>
         <run_address>0x8203</run_address>
         <size>0xa</size>
         <input_file_ref idref="fl-4"/>
      </object_component>
      <object_component id="oc-238">
         <name>.text:CLB2_ISR</name>
         <load_address>0x820d</load_address>
         <run_address>0x820d</run_address>
         <size>0xa</size>
         <input_file_ref idref="fl-4"/>
      </object_component>
      <object_component id="oc-23e">
         <name>.text:CLB3_ISR</name>
         <load_address>0x8217</load_address>
         <run_address>0x8217</run_address>
         <size>0xa</size>
         <input_file_ref idref="fl-4"/>
      </object_component>
      <object_component id="oc-244">
         <name>.text:CLB4_ISR</name>
         <load_address>0x8221</load_address>
         <run_address>0x8221</run_address>
         <size>0xa</size>
         <input_file_ref idref="fl-4"/>
      </object_component>
      <object_component id="oc-4f0">
         <name>.text:CLB5_ISR</name>
         <load_address>0x822b</load_address>
         <run_address>0x822b</run_address>
         <size>0xa</size>
         <input_file_ref idref="fl-4"/>
      </object_component>
      <object_component id="oc-4f6">
         <name>.text:CLB6_ISR</name>
         <load_address>0x8235</load_address>
         <run_address>0x8235</run_address>
         <size>0xa</size>
         <input_file_ref idref="fl-4"/>
      </object_component>
      <object_component id="oc-4fc">
         <name>.text:CLB7_ISR</name>
         <load_address>0x823f</load_address>
         <run_address>0x823f</run_address>
         <size>0xa</size>
         <input_file_ref idref="fl-4"/>
      </object_component>
      <object_component id="oc-502">
         <name>.text:CLB8_ISR</name>
         <load_address>0x8249</load_address>
         <run_address>0x8249</run_address>
         <size>0xa</size>
         <input_file_ref idref="fl-4"/>
      </object_component>
      <object_component id="oc-562">
         <name>.text:CMTOCPUXIPC0_ISR</name>
         <load_address>0x8253</load_address>
         <run_address>0x8253</run_address>
         <size>0xa</size>
         <input_file_ref idref="fl-4"/>
      </object_component>
      <object_component id="oc-568">
         <name>.text:CMTOCPUXIPC1_ISR</name>
         <load_address>0x825d</load_address>
         <run_address>0x825d</run_address>
         <size>0xa</size>
         <input_file_ref idref="fl-4"/>
      </object_component>
      <object_component id="oc-56e">
         <name>.text:CMTOCPUXIPC2_ISR</name>
         <load_address>0x8267</load_address>
         <run_address>0x8267</run_address>
         <size>0xa</size>
         <input_file_ref idref="fl-4"/>
      </object_component>
      <object_component id="oc-574">
         <name>.text:CMTOCPUXIPC3_ISR</name>
         <load_address>0x8271</load_address>
         <run_address>0x8271</run_address>
         <size>0xa</size>
         <input_file_ref idref="fl-4"/>
      </object_component>
      <object_component id="oc-57a">
         <name>.text:CMTOCPUXIPC4_ISR</name>
         <load_address>0x827b</load_address>
         <run_address>0x827b</run_address>
         <size>0xa</size>
         <input_file_ref idref="fl-4"/>
      </object_component>
      <object_component id="oc-580">
         <name>.text:CMTOCPUXIPC5_ISR</name>
         <load_address>0x8285</load_address>
         <run_address>0x8285</run_address>
         <size>0xa</size>
         <input_file_ref idref="fl-4"/>
      </object_component>
      <object_component id="oc-586">
         <name>.text:CMTOCPUXIPC6_ISR</name>
         <load_address>0x828f</load_address>
         <run_address>0x828f</run_address>
         <size>0xa</size>
         <input_file_ref idref="fl-4"/>
      </object_component>
      <object_component id="oc-58c">
         <name>.text:CMTOCPUXIPC7_ISR</name>
         <load_address>0x8299</load_address>
         <run_address>0x8299</run_address>
         <size>0xa</size>
         <input_file_ref idref="fl-4"/>
      </object_component>
      <object_component id="oc-526">
         <name>.text:CM_STATUS_ISR</name>
         <load_address>0x82a3</load_address>
         <run_address>0x82a3</run_address>
         <size>0xa</size>
         <input_file_ref idref="fl-4"/>
      </object_component>
      <object_component id="oc-59e">
         <name>.text:CPUCRC_ISR</name>
         <load_address>0x82ad</load_address>
         <run_address>0x82ad</run_address>
         <size>0xa</size>
         <input_file_ref idref="fl-4"/>
      </object_component>
      <object_component id="oc-100">
         <name>.text:DATALOG_ISR</name>
         <load_address>0x82b7</load_address>
         <run_address>0x82b7</run_address>
         <size>0xa</size>
         <input_file_ref idref="fl-4"/>
      </object_component>
      <object_component id="oc-27a">
         <name>.text:DMA_CH1_ISR</name>
         <load_address>0x82c1</load_address>
         <run_address>0x82c1</run_address>
         <size>0xa</size>
         <input_file_ref idref="fl-4"/>
      </object_component>
      <object_component id="oc-280">
         <name>.text:DMA_CH2_ISR</name>
         <load_address>0x82cb</load_address>
         <run_address>0x82cb</run_address>
         <size>0xa</size>
         <input_file_ref idref="fl-4"/>
      </object_component>
      <object_component id="oc-286">
         <name>.text:DMA_CH3_ISR</name>
         <load_address>0x82d5</load_address>
         <run_address>0x82d5</run_address>
         <size>0xa</size>
         <input_file_ref idref="fl-4"/>
      </object_component>
      <object_component id="oc-28c">
         <name>.text:DMA_CH4_ISR</name>
         <load_address>0x82df</load_address>
         <run_address>0x82df</run_address>
         <size>0xa</size>
         <input_file_ref idref="fl-4"/>
      </object_component>
      <object_component id="oc-292">
         <name>.text:DMA_CH5_ISR</name>
         <load_address>0x82e9</load_address>
         <run_address>0x82e9</run_address>
         <size>0xa</size>
         <input_file_ref idref="fl-4"/>
      </object_component>
      <object_component id="oc-298">
         <name>.text:DMA_CH6_ISR</name>
         <load_address>0x82f3</load_address>
         <run_address>0x82f3</run_address>
         <size>0xa</size>
         <input_file_ref idref="fl-4"/>
      </object_component>
      <object_component id="oc-1f6">
         <name>.text:ECAP1_ISR</name>
         <load_address>0x82fd</load_address>
         <run_address>0x82fd</run_address>
         <size>0xa</size>
         <input_file_ref idref="fl-4"/>
      </object_component>
      <object_component id="oc-1fc">
         <name>.text:ECAP2_ISR</name>
         <load_address>0x8307</load_address>
         <run_address>0x8307</run_address>
         <size>0xa</size>
         <input_file_ref idref="fl-4"/>
      </object_component>
      <object_component id="oc-202">
         <name>.text:ECAP3_ISR</name>
         <load_address>0x8311</load_address>
         <run_address>0x8311</run_address>
         <size>0xa</size>
         <input_file_ref idref="fl-4"/>
      </object_component>
      <object_component id="oc-208">
         <name>.text:ECAP4_ISR</name>
         <load_address>0x831b</load_address>
         <run_address>0x831b</run_address>
         <size>0xa</size>
         <input_file_ref idref="fl-4"/>
      </object_component>
      <object_component id="oc-20e">
         <name>.text:ECAP5_ISR</name>
         <load_address>0x8325</load_address>
         <run_address>0x8325</run_address>
         <size>0xa</size>
         <input_file_ref idref="fl-4"/>
      </object_component>
      <object_component id="oc-592">
         <name>.text:ECAP6_2_ISR</name>
         <load_address>0x832f</load_address>
         <run_address>0x832f</run_address>
         <size>0xa</size>
         <input_file_ref idref="fl-4"/>
      </object_component>
      <object_component id="oc-214">
         <name>.text:ECAP6_ISR</name>
         <load_address>0x8339</load_address>
         <run_address>0x8339</run_address>
         <size>0xa</size>
         <input_file_ref idref="fl-4"/>
      </object_component>
      <object_component id="oc-598">
         <name>.text:ECAP7_2_ISR</name>
         <load_address>0x8343</load_address>
         <run_address>0x8343</run_address>
         <size>0xa</size>
         <input_file_ref idref="fl-4"/>
      </object_component>
      <object_component id="oc-21a">
         <name>.text:ECAP7_ISR</name>
         <load_address>0x834d</load_address>
         <run_address>0x834d</run_address>
         <size>0xa</size>
         <input_file_ref idref="fl-4"/>
      </object_component>
      <object_component id="oc-454">
         <name>.text:ECATRST_ISR</name>
         <load_address>0x8357</load_address>
         <run_address>0x8357</run_address>
         <size>0xa</size>
         <input_file_ref idref="fl-4"/>
      </object_component>
      <object_component id="oc-394">
         <name>.text:ECATSYNC0_ISR</name>
         <load_address>0x8361</load_address>
         <run_address>0x8361</run_address>
         <size>0xa</size>
         <input_file_ref idref="fl-4"/>
      </object_component>
      <object_component id="oc-45a">
         <name>.text:ECATSYNC1_ISR</name>
         <load_address>0x836b</load_address>
         <run_address>0x836b</run_address>
         <size>0xa</size>
         <input_file_ref idref="fl-4"/>
      </object_component>
      <object_component id="oc-39a">
         <name>.text:ECAT_ISR</name>
         <load_address>0x8375</load_address>
         <run_address>0x8375</run_address>
         <size>0xa</size>
         <input_file_ref idref="fl-4"/>
      </object_component>
      <object_component id="oc-10c">
         <name>.text:EMU_ISR</name>
         <load_address>0x837f</load_address>
         <run_address>0x837f</run_address>
         <size>0xa</size>
         <input_file_ref idref="fl-4"/>
      </object_component>
      <object_component id="oc-3ee">
         <name>.text:EPWM10_ISR</name>
         <load_address>0x8389</load_address>
         <run_address>0x8389</run_address>
         <size>0xa</size>
         <input_file_ref idref="fl-4"/>
      </object_component>
      <object_component id="oc-3be">
         <name>.text:EPWM10_TZ_ISR</name>
         <load_address>0x8393</load_address>
         <run_address>0x8393</run_address>
         <size>0xa</size>
         <input_file_ref idref="fl-4"/>
      </object_component>
      <object_component id="oc-3f4">
         <name>.text:EPWM11_ISR</name>
         <load_address>0x839d</load_address>
         <run_address>0x839d</run_address>
         <size>0xa</size>
         <input_file_ref idref="fl-4"/>
      </object_component>
      <object_component id="oc-3c4">
         <name>.text:EPWM11_TZ_ISR</name>
         <load_address>0x83a7</load_address>
         <run_address>0x83a7</run_address>
         <size>0xa</size>
         <input_file_ref idref="fl-4"/>
      </object_component>
      <object_component id="oc-3fa">
         <name>.text:EPWM12_ISR</name>
         <load_address>0x83b1</load_address>
         <run_address>0x83b1</run_address>
         <size>0xa</size>
         <input_file_ref idref="fl-4"/>
      </object_component>
      <object_component id="oc-3ca">
         <name>.text:EPWM12_TZ_ISR</name>
         <load_address>0x83bb</load_address>
         <run_address>0x83bb</run_address>
         <size>0xa</size>
         <input_file_ref idref="fl-4"/>
      </object_component>
      <object_component id="oc-400">
         <name>.text:EPWM13_ISR</name>
         <load_address>0x83c5</load_address>
         <run_address>0x83c5</run_address>
         <size>0xa</size>
         <input_file_ref idref="fl-4"/>
      </object_component>
      <object_component id="oc-3d0">
         <name>.text:EPWM13_TZ_ISR</name>
         <load_address>0x83cf</load_address>
         <run_address>0x83cf</run_address>
         <size>0xa</size>
         <input_file_ref idref="fl-4"/>
      </object_component>
      <object_component id="oc-406">
         <name>.text:EPWM14_ISR</name>
         <load_address>0x83d9</load_address>
         <run_address>0x83d9</run_address>
         <size>0xa</size>
         <input_file_ref idref="fl-4"/>
      </object_component>
      <object_component id="oc-3d6">
         <name>.text:EPWM14_TZ_ISR</name>
         <load_address>0x83e3</load_address>
         <run_address>0x83e3</run_address>
         <size>0xa</size>
         <input_file_ref idref="fl-4"/>
      </object_component>
      <object_component id="oc-40c">
         <name>.text:EPWM15_ISR</name>
         <load_address>0x83ed</load_address>
         <run_address>0x83ed</run_address>
         <size>0xa</size>
         <input_file_ref idref="fl-4"/>
      </object_component>
      <object_component id="oc-3dc">
         <name>.text:EPWM15_TZ_ISR</name>
         <load_address>0x83f7</load_address>
         <run_address>0x83f7</run_address>
         <size>0xa</size>
         <input_file_ref idref="fl-4"/>
      </object_component>
      <object_component id="oc-412">
         <name>.text:EPWM16_ISR</name>
         <load_address>0x8401</load_address>
         <run_address>0x8401</run_address>
         <size>0xa</size>
         <input_file_ref idref="fl-4"/>
      </object_component>
      <object_component id="oc-3e2">
         <name>.text:EPWM16_TZ_ISR</name>
         <load_address>0x840b</load_address>
         <run_address>0x840b</run_address>
         <size>0xa</size>
         <input_file_ref idref="fl-4"/>
      </object_component>
      <object_component id="oc-1c6">
         <name>.text:EPWM1_ISR</name>
         <load_address>0x8415</load_address>
         <run_address>0x8415</run_address>
         <size>0xa</size>
         <input_file_ref idref="fl-4"/>
      </object_component>
      <object_component id="oc-196">
         <name>.text:EPWM1_TZ_ISR</name>
         <load_address>0x841f</load_address>
         <run_address>0x841f</run_address>
         <size>0xa</size>
         <input_file_ref idref="fl-4"/>
      </object_component>
      <object_component id="oc-1cc">
         <name>.text:EPWM2_ISR</name>
         <load_address>0x8429</load_address>
         <run_address>0x8429</run_address>
         <size>0xa</size>
         <input_file_ref idref="fl-4"/>
      </object_component>
      <object_component id="oc-19c">
         <name>.text:EPWM2_TZ_ISR</name>
         <load_address>0x8433</load_address>
         <run_address>0x8433</run_address>
         <size>0xa</size>
         <input_file_ref idref="fl-4"/>
      </object_component>
      <object_component id="oc-1d2">
         <name>.text:EPWM3_ISR</name>
         <load_address>0x843d</load_address>
         <run_address>0x843d</run_address>
         <size>0xa</size>
         <input_file_ref idref="fl-4"/>
      </object_component>
      <object_component id="oc-1a2">
         <name>.text:EPWM3_TZ_ISR</name>
         <load_address>0x8447</load_address>
         <run_address>0x8447</run_address>
         <size>0xa</size>
         <input_file_ref idref="fl-4"/>
      </object_component>
      <object_component id="oc-1d8">
         <name>.text:EPWM4_ISR</name>
         <load_address>0x8451</load_address>
         <run_address>0x8451</run_address>
         <size>0xa</size>
         <input_file_ref idref="fl-4"/>
      </object_component>
      <object_component id="oc-1a8">
         <name>.text:EPWM4_TZ_ISR</name>
         <load_address>0x845b</load_address>
         <run_address>0x845b</run_address>
         <size>0xa</size>
         <input_file_ref idref="fl-4"/>
      </object_component>
      <object_component id="oc-1de">
         <name>.text:EPWM5_ISR</name>
         <load_address>0x8465</load_address>
         <run_address>0x8465</run_address>
         <size>0xa</size>
         <input_file_ref idref="fl-4"/>
      </object_component>
      <object_component id="oc-1ae">
         <name>.text:EPWM5_TZ_ISR</name>
         <load_address>0x846f</load_address>
         <run_address>0x846f</run_address>
         <size>0xa</size>
         <input_file_ref idref="fl-4"/>
      </object_component>
      <object_component id="oc-1e4">
         <name>.text:EPWM6_ISR</name>
         <load_address>0x8479</load_address>
         <run_address>0x8479</run_address>
         <size>0xa</size>
         <input_file_ref idref="fl-4"/>
      </object_component>
      <object_component id="oc-1b4">
         <name>.text:EPWM6_TZ_ISR</name>
         <load_address>0x8483</load_address>
         <run_address>0x8483</run_address>
         <size>0xa</size>
         <input_file_ref idref="fl-4"/>
      </object_component>
      <object_component id="oc-1ea">
         <name>.text:EPWM7_ISR</name>
         <load_address>0x848d</load_address>
         <run_address>0x848d</run_address>
         <size>0xa</size>
         <input_file_ref idref="fl-4"/>
      </object_component>
      <object_component id="oc-1ba">
         <name>.text:EPWM7_TZ_ISR</name>
         <load_address>0x8497</load_address>
         <run_address>0x8497</run_address>
         <size>0xa</size>
         <input_file_ref idref="fl-4"/>
      </object_component>
      <object_component id="oc-1f0">
         <name>.text:EPWM8_ISR</name>
         <load_address>0x84a1</load_address>
         <run_address>0x84a1</run_address>
         <size>0xa</size>
         <input_file_ref idref="fl-4"/>
      </object_component>
      <object_component id="oc-1c0">
         <name>.text:EPWM8_TZ_ISR</name>
         <load_address>0x84ab</load_address>
         <run_address>0x84ab</run_address>
         <size>0xa</size>
         <input_file_ref idref="fl-4"/>
      </object_component>
      <object_component id="oc-3e8">
         <name>.text:EPWM9_ISR</name>
         <load_address>0x84b5</load_address>
         <run_address>0x84b5</run_address>
         <size>0xa</size>
         <input_file_ref idref="fl-4"/>
      </object_component>
      <object_component id="oc-3b8">
         <name>.text:EPWM9_TZ_ISR</name>
         <load_address>0x84bf</load_address>
         <run_address>0x84bf</run_address>
         <size>0xa</size>
         <input_file_ref idref="fl-4"/>
      </object_component>
      <object_component id="oc-220">
         <name>.text:EQEP1_ISR</name>
         <load_address>0x84c9</load_address>
         <run_address>0x84c9</run_address>
         <size>0xa</size>
         <input_file_ref idref="fl-4"/>
      </object_component>
      <object_component id="oc-226">
         <name>.text:EQEP2_ISR</name>
         <load_address>0x84d3</load_address>
         <run_address>0x84d3</run_address>
         <size>0xa</size>
         <input_file_ref idref="fl-4"/>
      </object_component>
      <object_component id="oc-22c">
         <name>.text:EQEP3_ISR</name>
         <load_address>0x84dd</load_address>
         <run_address>0x84dd</run_address>
         <size>0xa</size>
         <input_file_ref idref="fl-4"/>
      </object_component>
      <object_component id="oc-376">
         <name>.text:FMC_ISR</name>
         <load_address>0x84e7</load_address>
         <run_address>0x84e7</run_address>
         <size>0xa</size>
         <input_file_ref idref="fl-4"/>
      </object_component>
      <object_component id="oc-37c">
         <name>.text:FPU_OFLOW_ISR</name>
         <load_address>0x84f1</load_address>
         <run_address>0x84f1</run_address>
         <size>0xa</size>
         <input_file_ref idref="fl-4"/>
      </object_component>
      <object_component id="oc-382">
         <name>.text:FPU_UFLOW_ISR</name>
         <load_address>0x84fb</load_address>
         <run_address>0x84fb</run_address>
         <size>0xa</size>
         <input_file_ref idref="fl-4"/>
      </object_component>
      <object_component id="oc-430">
         <name>.text:FSIRXA1_ISR</name>
         <load_address>0x8505</load_address>
         <run_address>0x8505</run_address>
         <size>0xa</size>
         <input_file_ref idref="fl-4"/>
      </object_component>
      <object_component id="oc-436">
         <name>.text:FSIRXA2_ISR</name>
         <load_address>0x850f</load_address>
         <run_address>0x850f</run_address>
         <size>0xa</size>
         <input_file_ref idref="fl-4"/>
      </object_component>
      <object_component id="oc-43c">
         <name>.text:FSIRXB1_ISR</name>
         <load_address>0x8519</load_address>
         <run_address>0x8519</run_address>
         <size>0xa</size>
         <input_file_ref idref="fl-4"/>
      </object_component>
      <object_component id="oc-442">
         <name>.text:FSIRXB2_ISR</name>
         <load_address>0x8523</load_address>
         <run_address>0x8523</run_address>
         <size>0xa</size>
         <input_file_ref idref="fl-4"/>
      </object_component>
      <object_component id="oc-4a8">
         <name>.text:FSIRXC1_ISR</name>
         <load_address>0x852d</load_address>
         <run_address>0x852d</run_address>
         <size>0xa</size>
         <input_file_ref idref="fl-4"/>
      </object_component>
      <object_component id="oc-4ae">
         <name>.text:FSIRXC2_ISR</name>
         <load_address>0x8537</load_address>
         <run_address>0x8537</run_address>
         <size>0xa</size>
         <input_file_ref idref="fl-4"/>
      </object_component>
      <object_component id="oc-4b4">
         <name>.text:FSIRXD1_ISR</name>
         <load_address>0x8541</load_address>
         <run_address>0x8541</run_address>
         <size>0xa</size>
         <input_file_ref idref="fl-4"/>
      </object_component>
      <object_component id="oc-4ba">
         <name>.text:FSIRXD2_ISR</name>
         <load_address>0x854b</load_address>
         <run_address>0x854b</run_address>
         <size>0xa</size>
         <input_file_ref idref="fl-4"/>
      </object_component>
      <object_component id="oc-4c0">
         <name>.text:FSIRXE1_ISR</name>
         <load_address>0x8555</load_address>
         <run_address>0x8555</run_address>
         <size>0xa</size>
         <input_file_ref idref="fl-4"/>
      </object_component>
      <object_component id="oc-4c6">
         <name>.text:FSIRXE2_ISR</name>
         <load_address>0x855f</load_address>
         <run_address>0x855f</run_address>
         <size>0xa</size>
         <input_file_ref idref="fl-4"/>
      </object_component>
      <object_component id="oc-4cc">
         <name>.text:FSIRXF1_ISR</name>
         <load_address>0x8569</load_address>
         <run_address>0x8569</run_address>
         <size>0xa</size>
         <input_file_ref idref="fl-4"/>
      </object_component>
      <object_component id="oc-4d2">
         <name>.text:FSIRXF2_ISR</name>
         <load_address>0x8573</load_address>
         <run_address>0x8573</run_address>
         <size>0xa</size>
         <input_file_ref idref="fl-4"/>
      </object_component>
      <object_component id="oc-4d8">
         <name>.text:FSIRXG1_ISR</name>
         <load_address>0x857d</load_address>
         <run_address>0x857d</run_address>
         <size>0xa</size>
         <input_file_ref idref="fl-4"/>
      </object_component>
      <object_component id="oc-4de">
         <name>.text:FSIRXG2_ISR</name>
         <load_address>0x8587</load_address>
         <run_address>0x8587</run_address>
         <size>0xa</size>
         <input_file_ref idref="fl-4"/>
      </object_component>
      <object_component id="oc-4e4">
         <name>.text:FSIRXH1_ISR</name>
         <load_address>0x8591</load_address>
         <run_address>0x8591</run_address>
         <size>0xa</size>
         <input_file_ref idref="fl-4"/>
      </object_component>
      <object_component id="oc-4ea">
         <name>.text:FSIRXH2_ISR</name>
         <load_address>0x859b</load_address>
         <run_address>0x859b</run_address>
         <size>0xa</size>
         <input_file_ref idref="fl-4"/>
      </object_component>
      <object_component id="oc-418">
         <name>.text:FSITXA1_ISR</name>
         <load_address>0x85a5</load_address>
         <run_address>0x85a5</run_address>
         <size>0xa</size>
         <input_file_ref idref="fl-4"/>
      </object_component>
      <object_component id="oc-41e">
         <name>.text:FSITXA2_ISR</name>
         <load_address>0x85af</load_address>
         <run_address>0x85af</run_address>
         <size>0xa</size>
         <input_file_ref idref="fl-4"/>
      </object_component>
      <object_component id="oc-424">
         <name>.text:FSITXB1_ISR</name>
         <load_address>0x85b9</load_address>
         <run_address>0x85b9</run_address>
         <size>0xa</size>
         <input_file_ref idref="fl-4"/>
      </object_component>
      <object_component id="oc-42a">
         <name>.text:FSITXB2_ISR</name>
         <load_address>0x85c3</load_address>
         <run_address>0x85c3</run_address>
         <size>0xa</size>
         <input_file_ref idref="fl-4"/>
      </object_component>
      <object_component id="oc-2a4">
         <name>.text:I2CA_FIFO_ISR</name>
         <load_address>0x85cd</load_address>
         <run_address>0x85cd</run_address>
         <size>0xa</size>
         <input_file_ref idref="fl-4"/>
      </object_component>
      <object_component id="oc-388">
         <name>.text:I2CA_HIGH_ISR</name>
         <load_address>0x85d7</load_address>
         <run_address>0x85d7</run_address>
         <size>0xa</size>
         <input_file_ref idref="fl-4"/>
      </object_component>
      <object_component id="oc-29e">
         <name>.text:I2CA_ISR</name>
         <load_address>0x85e1</load_address>
         <run_address>0x85e1</run_address>
         <size>0xa</size>
         <input_file_ref idref="fl-4"/>
      </object_component>
      <object_component id="oc-2b0">
         <name>.text:I2CB_FIFO_ISR</name>
         <load_address>0x85eb</load_address>
         <run_address>0x85eb</run_address>
         <size>0xa</size>
         <input_file_ref idref="fl-4"/>
      </object_component>
      <object_component id="oc-2aa">
         <name>.text:I2CB_ISR</name>
         <load_address>0x85f5</load_address>
         <run_address>0x85f5</run_address>
         <size>0xa</size>
         <input_file_ref idref="fl-4"/>
      </object_component>
      <object_component id="oc-118">
         <name>.text:ILLEGAL_ISR</name>
         <load_address>0x85ff</load_address>
         <run_address>0x85ff</run_address>
         <size>0xa</size>
         <input_file_ref idref="fl-4"/>
      </object_component>
      <object_component id="oc-508">
         <name>.text:MCANSS0_ISR</name>
         <load_address>0x8609</load_address>
         <run_address>0x8609</run_address>
         <size>0xa</size>
         <input_file_ref idref="fl-4"/>
      </object_component>
      <object_component id="oc-50e">
         <name>.text:MCANSS1_ISR</name>
         <load_address>0x8613</load_address>
         <run_address>0x8613</run_address>
         <size>0xa</size>
         <input_file_ref idref="fl-4"/>
      </object_component>
      <object_component id="oc-514">
         <name>.text:MCANSS_ECC_CORR_PLS_ISR</name>
         <load_address>0x861d</load_address>
         <run_address>0x861d</run_address>
         <size>0xa</size>
         <input_file_ref idref="fl-4"/>
      </object_component>
      <object_component id="oc-51a">
         <name>.text:MCANSS_WAKE_AND_TS_PLS_ISR</name>
         <load_address>0x8627</load_address>
         <run_address>0x8627</run_address>
         <size>0xa</size>
         <input_file_ref idref="fl-4"/>
      </object_component>
      <object_component id="oc-262">
         <name>.text:MCBSPA_RX_ISR</name>
         <load_address>0x8631</load_address>
         <run_address>0x8631</run_address>
         <size>0xa</size>
         <input_file_ref idref="fl-4"/>
      </object_component>
      <object_component id="oc-268">
         <name>.text:MCBSPA_TX_ISR</name>
         <load_address>0x863b</load_address>
         <run_address>0x863b</run_address>
         <size>0xa</size>
         <input_file_ref idref="fl-4"/>
      </object_component>
      <object_component id="oc-26e">
         <name>.text:MCBSPB_RX_ISR</name>
         <load_address>0x8645</load_address>
         <run_address>0x8645</run_address>
         <size>0xa</size>
         <input_file_ref idref="fl-4"/>
      </object_component>
      <object_component id="oc-274">
         <name>.text:MCBSPB_TX_ISR</name>
         <load_address>0x864f</load_address>
         <run_address>0x864f</run_address>
         <size>0xa</size>
         <input_file_ref idref="fl-4"/>
      </object_component>
      <object_component id="oc-370">
         <name>.text:MPOST_ISR</name>
         <load_address>0x8659</load_address>
         <run_address>0x8659</run_address>
         <size>0xa</size>
         <input_file_ref idref="fl-4"/>
      </object_component>
      <object_component id="oc-112">
         <name>.text:NMI_ISR</name>
         <load_address>0x8663</load_address>
         <run_address>0x8663</run_address>
         <size>0xa</size>
         <input_file_ref idref="fl-4"/>
      </object_component>
      <object_component id="oc-5c2">
         <name>.text:NOTUSED_ISR</name>
         <load_address>0x866d</load_address>
         <run_address>0x866d</run_address>
         <size>0xa</size>
         <input_file_ref idref="fl-4"/>
      </object_component>
      <object_component id="oc-5b6">
         <name>.text:PIE_RESERVED_ISR</name>
         <load_address>0x8677</load_address>
         <run_address>0x8677</run_address>
         <size>0xa</size>
         <input_file_ref idref="fl-4"/>
      </object_component>
      <object_component id="oc-520">
         <name>.text:PMBUSA_ISR</name>
         <load_address>0x8681</load_address>
         <run_address>0x8681</run_address>
         <size>0xa</size>
         <input_file_ref idref="fl-4"/>
      </object_component>
      <object_component id="oc-106">
         <name>.text:RTOS_ISR</name>
         <load_address>0x868b</load_address>
         <run_address>0x868b</run_address>
         <size>0xa</size>
         <input_file_ref idref="fl-4"/>
      </object_component>
      <object_component id="oc-2ce">
         <name>.text:SCIA_RX_ISR</name>
         <load_address>0x8695</load_address>
         <run_address>0x8695</run_address>
         <size>0xa</size>
         <input_file_ref idref="fl-4"/>
      </object_component>
      <object_component id="oc-2d4">
         <name>.text:SCIA_TX_ISR</name>
         <load_address>0x869f</load_address>
         <run_address>0x869f</run_address>
         <size>0xa</size>
         <input_file_ref idref="fl-4"/>
      </object_component>
      <object_component id="oc-2da">
         <name>.text:SCIB_RX_ISR</name>
         <load_address>0x86a9</load_address>
         <run_address>0x86a9</run_address>
         <size>0xa</size>
         <input_file_ref idref="fl-4"/>
      </object_component>
      <object_component id="oc-2e0">
         <name>.text:SCIB_TX_ISR</name>
         <load_address>0x86b3</load_address>
         <run_address>0x86b3</run_address>
         <size>0xa</size>
         <input_file_ref idref="fl-4"/>
      </object_component>
      <object_component id="oc-2b6">
         <name>.text:SCIC_RX_ISR</name>
         <load_address>0x86bd</load_address>
         <run_address>0x86bd</run_address>
         <size>0xa</size>
         <input_file_ref idref="fl-4"/>
      </object_component>
      <object_component id="oc-2bc">
         <name>.text:SCIC_TX_ISR</name>
         <load_address>0x86c7</load_address>
         <run_address>0x86c7</run_address>
         <size>0xa</size>
         <input_file_ref idref="fl-4"/>
      </object_component>
      <object_component id="oc-2c2">
         <name>.text:SCID_RX_ISR</name>
         <load_address>0x86d1</load_address>
         <run_address>0x86d1</run_address>
         <size>0xa</size>
         <input_file_ref idref="fl-4"/>
      </object_component>
      <object_component id="oc-2c8">
         <name>.text:SCID_TX_ISR</name>
         <load_address>0x86db</load_address>
         <run_address>0x86db</run_address>
         <size>0xa</size>
         <input_file_ref idref="fl-4"/>
      </object_component>
      <object_component id="oc-460">
         <name>.text:SDFM1DR1_ISR</name>
         <load_address>0x86e5</load_address>
         <run_address>0x86e5</run_address>
         <size>0xa</size>
         <input_file_ref idref="fl-4"/>
      </object_component>
      <object_component id="oc-466">
         <name>.text:SDFM1DR2_ISR</name>
         <load_address>0x86ef</load_address>
         <run_address>0x86ef</run_address>
         <size>0xa</size>
         <input_file_ref idref="fl-4"/>
      </object_component>
      <object_component id="oc-46c">
         <name>.text:SDFM1DR3_ISR</name>
         <load_address>0x86f9</load_address>
         <run_address>0x86f9</run_address>
         <size>0xa</size>
         <input_file_ref idref="fl-4"/>
      </object_component>
      <object_component id="oc-472">
         <name>.text:SDFM1DR4_ISR</name>
         <load_address>0x8703</load_address>
         <run_address>0x8703</run_address>
         <size>0xa</size>
         <input_file_ref idref="fl-4"/>
      </object_component>
      <object_component id="oc-448">
         <name>.text:SDFM1_ISR</name>
         <load_address>0x870d</load_address>
         <run_address>0x870d</run_address>
         <size>0xa</size>
         <input_file_ref idref="fl-4"/>
      </object_component>
      <object_component id="oc-490">
         <name>.text:SDFM2DR1_ISR</name>
         <load_address>0x8717</load_address>
         <run_address>0x8717</run_address>
         <size>0xa</size>
         <input_file_ref idref="fl-4"/>
      </object_component>
      <object_component id="oc-496">
         <name>.text:SDFM2DR2_ISR</name>
         <load_address>0x8721</load_address>
         <run_address>0x8721</run_address>
         <size>0xa</size>
         <input_file_ref idref="fl-4"/>
      </object_component>
      <object_component id="oc-49c">
         <name>.text:SDFM2DR3_ISR</name>
         <load_address>0x872b</load_address>
         <run_address>0x872b</run_address>
         <size>0xa</size>
         <input_file_ref idref="fl-4"/>
      </object_component>
      <object_component id="oc-4a2">
         <name>.text:SDFM2DR4_ISR</name>
         <load_address>0x8735</load_address>
         <run_address>0x8735</run_address>
         <size>0xa</size>
         <input_file_ref idref="fl-4"/>
      </object_component>
      <object_component id="oc-44e">
         <name>.text:SDFM2_ISR</name>
         <load_address>0x873f</load_address>
         <run_address>0x873f</run_address>
         <size>0xa</size>
         <input_file_ref idref="fl-4"/>
      </object_component>
      <object_component id="oc-24a">
         <name>.text:SPIA_RX_ISR</name>
         <load_address>0x8749</load_address>
         <run_address>0x8749</run_address>
         <size>0xa</size>
         <input_file_ref idref="fl-4"/>
      </object_component>
      <object_component id="oc-250">
         <name>.text:SPIA_TX_ISR</name>
         <load_address>0x8753</load_address>
         <run_address>0x8753</run_address>
         <size>0xa</size>
         <input_file_ref idref="fl-4"/>
      </object_component>
      <object_component id="oc-256">
         <name>.text:SPIB_RX_ISR</name>
         <load_address>0x875d</load_address>
         <run_address>0x875d</run_address>
         <size>0xa</size>
         <input_file_ref idref="fl-4"/>
      </object_component>
      <object_component id="oc-25c">
         <name>.text:SPIB_TX_ISR</name>
         <load_address>0x8767</load_address>
         <run_address>0x8767</run_address>
         <size>0xa</size>
         <input_file_ref idref="fl-4"/>
      </object_component>
      <object_component id="oc-478">
         <name>.text:SPIC_RX_ISR</name>
         <load_address>0x8771</load_address>
         <run_address>0x8771</run_address>
         <size>0xa</size>
         <input_file_ref idref="fl-4"/>
      </object_component>
      <object_component id="oc-47e">
         <name>.text:SPIC_TX_ISR</name>
         <load_address>0x877b</load_address>
         <run_address>0x877b</run_address>
         <size>0xa</size>
         <input_file_ref idref="fl-4"/>
      </object_component>
      <object_component id="oc-484">
         <name>.text:SPID_RX_ISR</name>
         <load_address>0x8785</load_address>
         <run_address>0x8785</run_address>
         <size>0xa</size>
         <input_file_ref idref="fl-4"/>
      </object_component>
      <object_component id="oc-48a">
         <name>.text:SPID_TX_ISR</name>
         <load_address>0x878f</load_address>
         <run_address>0x878f</run_address>
         <size>0xa</size>
         <input_file_ref idref="fl-4"/>
      </object_component>
      <object_component id="oc-38e">
         <name>.text:SYS_ERR_ISR</name>
         <load_address>0x8799</load_address>
         <run_address>0x8799</run_address>
         <size>0xa</size>
         <input_file_ref idref="fl-4"/>
      </object_component>
      <object_component id="oc-18a">
         <name>.text:TIMER0_ISR</name>
         <load_address>0x87a3</load_address>
         <run_address>0x87a3</run_address>
         <size>0xa</size>
         <input_file_ref idref="fl-4"/>
      </object_component>
      <object_component id="oc-f1">
         <name>.text:TIMER1_ISR</name>
         <load_address>0x87ad</load_address>
         <run_address>0x87ad</run_address>
         <size>0xa</size>
         <input_file_ref idref="fl-4"/>
      </object_component>
      <object_component id="oc-fa">
         <name>.text:TIMER2_ISR</name>
         <load_address>0x87b7</load_address>
         <run_address>0x87b7</run_address>
         <size>0xa</size>
         <input_file_ref idref="fl-4"/>
      </object_component>
      <object_component id="oc-52c">
         <name>.text:USBA_ISR</name>
         <load_address>0x87c1</load_address>
         <run_address>0x87c1</run_address>
         <size>0xa</size>
         <input_file_ref idref="fl-4"/>
      </object_component>
      <object_component id="oc-154">
         <name>.text:USER10_ISR</name>
         <load_address>0x87cb</load_address>
         <run_address>0x87cb</run_address>
         <size>0xa</size>
         <input_file_ref idref="fl-4"/>
      </object_component>
      <object_component id="oc-15a">
         <name>.text:USER11_ISR</name>
         <load_address>0x87d5</load_address>
         <run_address>0x87d5</run_address>
         <size>0xa</size>
         <input_file_ref idref="fl-4"/>
      </object_component>
      <object_component id="oc-160">
         <name>.text:USER12_ISR</name>
         <load_address>0x87df</load_address>
         <run_address>0x87df</run_address>
         <size>0xa</size>
         <input_file_ref idref="fl-4"/>
      </object_component>
      <object_component id="oc-11e">
         <name>.text:USER1_ISR</name>
         <load_address>0x87e9</load_address>
         <run_address>0x87e9</run_address>
         <size>0xa</size>
         <input_file_ref idref="fl-4"/>
      </object_component>
      <object_component id="oc-124">
         <name>.text:USER2_ISR</name>
         <load_address>0x87f3</load_address>
         <run_address>0x87f3</run_address>
         <size>0xa</size>
         <input_file_ref idref="fl-4"/>
      </object_component>
      <object_component id="oc-745">
         <name>.text</name>
         <load_address>0x87fd</load_address>
         <run_address>0x87fd</run_address>
         <size>0x2</size>
         <input_file_ref idref="fl-28"/>
      </object_component>
      <object_component id="oc-12a">
         <name>.text:USER3_ISR</name>
         <load_address>0x8800</load_address>
         <run_address>0x8800</run_address>
         <size>0xa</size>
         <input_file_ref idref="fl-4"/>
      </object_component>
      <object_component id="oc-130">
         <name>.text:USER4_ISR</name>
         <load_address>0x880a</load_address>
         <run_address>0x880a</run_address>
         <size>0xa</size>
         <input_file_ref idref="fl-4"/>
      </object_component>
      <object_component id="oc-136">
         <name>.text:USER5_ISR</name>
         <load_address>0x8814</load_address>
         <run_address>0x8814</run_address>
         <size>0xa</size>
         <input_file_ref idref="fl-4"/>
      </object_component>
      <object_component id="oc-13c">
         <name>.text:USER6_ISR</name>
         <load_address>0x881e</load_address>
         <run_address>0x881e</run_address>
         <size>0xa</size>
         <input_file_ref idref="fl-4"/>
      </object_component>
      <object_component id="oc-142">
         <name>.text:USER7_ISR</name>
         <load_address>0x8828</load_address>
         <run_address>0x8828</run_address>
         <size>0xa</size>
         <input_file_ref idref="fl-4"/>
      </object_component>
      <object_component id="oc-148">
         <name>.text:USER8_ISR</name>
         <load_address>0x8832</load_address>
         <run_address>0x8832</run_address>
         <size>0xa</size>
         <input_file_ref idref="fl-4"/>
      </object_component>
      <object_component id="oc-14e">
         <name>.text:USER9_ISR</name>
         <load_address>0x883c</load_address>
         <run_address>0x883c</run_address>
         <size>0xa</size>
         <input_file_ref idref="fl-4"/>
      </object_component>
      <object_component id="oc-190">
         <name>.text:WAKE_ISR</name>
         <load_address>0x8846</load_address>
         <run_address>0x8846</run_address>
         <size>0xa</size>
         <input_file_ref idref="fl-4"/>
      </object_component>
      <object_component id="oc-178">
         <name>.text:XINT1_ISR</name>
         <load_address>0x8850</load_address>
         <run_address>0x8850</run_address>
         <size>0xa</size>
         <input_file_ref idref="fl-4"/>
      </object_component>
      <object_component id="oc-17e">
         <name>.text:XINT2_ISR</name>
         <load_address>0x885a</load_address>
         <run_address>0x885a</run_address>
         <size>0xa</size>
         <input_file_ref idref="fl-4"/>
      </object_component>
      <object_component id="oc-35e">
         <name>.text:XINT3_ISR</name>
         <load_address>0x8864</load_address>
         <run_address>0x8864</run_address>
         <size>0xa</size>
         <input_file_ref idref="fl-4"/>
      </object_component>
      <object_component id="oc-364">
         <name>.text:XINT4_ISR</name>
         <load_address>0x886e</load_address>
         <run_address>0x886e</run_address>
         <size>0xa</size>
         <input_file_ref idref="fl-4"/>
      </object_component>
      <object_component id="oc-36a">
         <name>.text:XINT5_ISR</name>
         <load_address>0x8878</load_address>
         <run_address>0x8878</run_address>
         <size>0xa</size>
         <input_file_ref idref="fl-4"/>
      </object_component>
      <object_component id="oc-7ea">
         <name>.text</name>
         <load_address>0x8882</load_address>
         <run_address>0x8882</run_address>
         <size>0x9</size>
         <input_file_ref idref="fl-2e"/>
      </object_component>
      <object_component id="oc-d9">
         <name>.text:decompress:none</name>
         <load_address>0x888b</load_address>
         <run_address>0x888b</run_address>
         <size>0x8</size>
         <input_file_ref idref="fl-2b"/>
      </object_component>
      <object_component id="oc-5df">
         <name>.text</name>
         <load_address>0x8893</load_address>
         <run_address>0x8893</run_address>
         <size>0x8</size>
         <input_file_ref idref="fl-3"/>
      </object_component>
      <object_component id="oc-7fb">
         <name>.text</name>
         <load_address>0xc000</load_address>
         <run_address>0xc000</run_address>
         <size>0x45f</size>
         <input_file_ref idref="fl-32"/>
      </object_component>
      <object_component id="oc-7cf">
         <name>.text</name>
         <load_address>0xc45f</load_address>
         <run_address>0xc45f</run_address>
         <size>0x1</size>
         <input_file_ref idref="fl-3b"/>
      </object_component>
      <object_component id="oc-7b6">
         <name>.text</name>
         <load_address>0xc460</load_address>
         <run_address>0xc460</run_address>
         <size>0x2d3</size>
         <input_file_ref idref="fl-31"/>
      </object_component>
      <object_component id="oc-827">
         <name>.text</name>
         <load_address>0xc733</load_address>
         <run_address>0xc733</run_address>
         <size>0xa7</size>
         <input_file_ref idref="fl-36"/>
      </object_component>
      <object_component id="oc-81f">
         <name>.text</name>
         <load_address>0xc7da</load_address>
         <run_address>0xc7da</run_address>
         <size>0x22</size>
         <input_file_ref idref="fl-38"/>
      </object_component>
      <object_component id="oc-7a5">
         <name>.text:main</name>
         <load_address>0xc7fc</load_address>
         <run_address>0xc7fc</run_address>
         <size>0x4</size>
         <input_file_ref idref="fl-2"/>
      </object_component>
      <object_component id="oc-5e8">
         <name>.text:svgen</name>
         <load_address>0xc800</load_address>
         <run_address>0xc800</run_address>
         <size>0x217</size>
         <input_file_ref idref="fl-2"/>
      </object_component>
      <object_component id="oc-82d">
         <name>.text</name>
         <load_address>0xca17</load_address>
         <run_address>0xca17</run_address>
         <size>0xda</size>
         <input_file_ref idref="fl-35"/>
      </object_component>
      <object_component id="oc-7bc">
         <name>.text</name>
         <load_address>0xcaf1</load_address>
         <run_address>0xcaf1</run_address>
         <size>0x8b</size>
         <input_file_ref idref="fl-34"/>
      </object_component>
      <object_component id="oc-759">
         <name>.text</name>
         <load_address>0xcb7c</load_address>
         <run_address>0xcb7c</run_address>
         <size>0x88</size>
         <input_file_ref idref="fl-25"/>
      </object_component>
      <object_component id="oc-7c2">
         <name>.text</name>
         <load_address>0xcc04</load_address>
         <run_address>0xcc04</run_address>
         <size>0x77</size>
         <input_file_ref idref="fl-33"/>
      </object_component>
      <object_component id="oc-e5">
         <name>.text:epwm1_isr</name>
         <load_address>0xcc7b</load_address>
         <run_address>0xcc7b</run_address>
         <size>0x73</size>
         <input_file_ref idref="fl-2"/>
      </object_component>
      <object_component id="oc-715">
         <name>.text:ipark</name>
         <load_address>0xccee</load_address>
         <run_address>0xccee</run_address>
         <size>0x73</size>
         <input_file_ref idref="fl-2"/>
      </object_component>
      <object_component id="oc-764">
         <name>.text</name>
         <load_address>0xcd61</load_address>
         <run_address>0xcd61</run_address>
         <size>0x6f</size>
         <input_file_ref idref="fl-22"/>
      </object_component>
      <object_component id="oc-75e">
         <name>.text</name>
         <load_address>0xcdd0</load_address>
         <run_address>0xcdd0</run_address>
         <size>0x6b</size>
         <input_file_ref idref="fl-23"/>
      </object_component>
      <object_component id="oc-611">
         <name>.text:InitEPwm1</name>
         <load_address>0xce3b</load_address>
         <run_address>0xce3b</run_address>
         <size>0x44</size>
         <input_file_ref idref="fl-2"/>
      </object_component>
      <object_component id="oc-617">
         <name>.text:InitEPwm2</name>
         <load_address>0xce7f</load_address>
         <run_address>0xce7f</run_address>
         <size>0x3c</size>
         <input_file_ref idref="fl-2"/>
      </object_component>
      <object_component id="oc-61d">
         <name>.text:InitEPwm3</name>
         <load_address>0xcebb</load_address>
         <run_address>0xcebb</run_address>
         <size>0x3c</size>
         <input_file_ref idref="fl-2"/>
      </object_component>
      <object_component id="oc-d3">
         <name>.text:decompress:lzss</name>
         <load_address>0xcef7</load_address>
         <run_address>0xcef7</run_address>
         <size>0x31</size>
         <input_file_ref idref="fl-2c"/>
      </object_component>
      <object_component id="oc-775">
         <name>.text:__TI_auto_init_nobinit_nopinit</name>
         <load_address>0xcf28</load_address>
         <run_address>0xcf28</run_address>
         <size>0x2b</size>
         <input_file_ref idref="fl-29"/>
      </object_component>
      <object_component id="oc-eb">
         <name>.text:InitSvpwm</name>
         <load_address>0xcf53</load_address>
         <run_address>0xcf53</run_address>
         <size>0x2a</size>
         <input_file_ref idref="fl-2"/>
      </object_component>
      <object_component id="oc-84e">
         <name>.text</name>
         <load_address>0xcf7d</load_address>
         <run_address>0xcf7d</run_address>
         <size>0x2a</size>
         <input_file_ref idref="fl-37"/>
      </object_component>
      <object_component id="oc-752">
         <name>.text</name>
         <load_address>0xcfa7</load_address>
         <run_address>0xcfa7</run_address>
         <size>0x29</size>
         <input_file_ref idref="fl-2d"/>
      </object_component>
      <object_component id="oc-5cb">
         <name>.text</name>
         <load_address>0xcfd0</load_address>
         <run_address>0xcfd0</run_address>
         <size>0x1d</size>
         <input_file_ref idref="fl-3a"/>
      </object_component>
      <object_component id="oc-5ff">
         <name>.text:InitEPwm1Gpio</name>
         <load_address>0xcfed</load_address>
         <run_address>0xcfed</run_address>
         <size>0x12</size>
         <input_file_ref idref="fl-2"/>
      </object_component>
      <object_component id="oc-958">
         <name>.cinit..data.load</name>
         <load_address>0x1b4</load_address>
         <run_address>0x1b4</run_address>
         <size>0xe</size>
      </object_component>
      <object_component id="oc-955">
         <name>__TI_handler_table</name>
         <load_address>0x1c2</load_address>
         <run_address>0x1c2</run_address>
         <size>0x6</size>
      </object_component>
      <object_component id="oc-957">
         <name>.cinit..bss.load</name>
         <load_address>0x1c8</load_address>
         <run_address>0x1c8</run_address>
         <size>0x4</size>
      </object_component>
      <object_component id="oc-959">
         <name>.cinit.PieVectTableFile.load</name>
         <load_address>0x1cc</load_address>
         <run_address>0x1cc</run_address>
         <size>0x4</size>
      </object_component>
      <object_component id="oc-956">
         <name>__TI_cinit_table</name>
         <load_address>0x1d0</load_address>
         <run_address>0x1d0</run_address>
         <size>0xc</size>
      </object_component>
      <object_component id="oc-5c8">
         <name>.stack</name>
         <uninitialized>true</uninitialized>
         <run_address>0x400</run_address>
         <size>0x0</size>
         <input_file_ref idref="fl-24"/>
      </object_component>
      <object_component id="oc-95a">
         <name>.stack</name>
         <uninitialized>true</uninitialized>
         <run_address>0x400</run_address>
         <size>0x0</size>
      </object_component>
      <object_component id="oc-5ee">
         <name>.bss</name>
         <uninitialized>true</uninitialized>
         <run_address>0xa816</run_address>
         <size>0x6</size>
         <input_file_ref idref="fl-2"/>
      </object_component>
      <object_component id="oc-833">
         <name>.const:PIo2</name>
         <load_address>0xa81c</load_address>
         <run_address>0xa81c</run_address>
         <size>0x20</size>
         <input_file_ref idref="fl-32"/>
      </object_component>
      <object_component id="oc-81c">
         <name>.const:init_jk</name>
         <load_address>0xa83c</load_address>
         <run_address>0xa83c</run_address>
         <size>0x4</size>
         <input_file_ref idref="fl-32"/>
      </object_component>
      <object_component id="oc-f7">
         <name>.const</name>
         <load_address>0xa840</load_address>
         <run_address>0xa840</run_address>
         <size>0x1c0</size>
         <input_file_ref idref="fl-8"/>
      </object_component>
      <object_component id="oc-824">
         <name>.const:ipio2</name>
         <load_address>0xaa00</load_address>
         <run_address>0xaa00</run_address>
         <size>0x84</size>
         <input_file_ref idref="fl-32"/>
      </object_component>
      <object_component id="oc-5e5">
         <name>.data</name>
         <load_address>0xa800</load_address>
         <run_address>0xa800</run_address>
         <size>0xa</size>
         <input_file_ref idref="fl-2"/>
      </object_component>
      <object_component id="oc-7ad">
         <name>.data</name>
         <load_address>0xa80a</load_address>
         <run_address>0xa80a</run_address>
         <size>0x6</size>
         <input_file_ref idref="fl-2d"/>
      </object_component>
      <object_component id="oc-7b0">
         <name>.data:_lock</name>
         <load_address>0xa810</load_address>
         <run_address>0xa810</run_address>
         <size>0x2</size>
         <input_file_ref idref="fl-2e"/>
      </object_component>
      <object_component id="oc-814">
         <name>.data:_unlock</name>
         <load_address>0xa812</load_address>
         <run_address>0xa812</run_address>
         <size>0x2</size>
         <input_file_ref idref="fl-2e"/>
      </object_component>
      <object_component id="oc-854">
         <name>.data</name>
         <load_address>0xa814</load_address>
         <run_address>0xa814</run_address>
         <size>0x1</size>
         <input_file_ref idref="fl-3c"/>
      </object_component>
      <object_component id="oc-623">
         <name>PieVectTableFile</name>
         <uninitialized>true</uninitialized>
         <run_address>0xd00</run_address>
         <size>0x1c0</size>
         <input_file_ref idref="fl-5"/>
      </object_component>
      <object_component id="oc-626">
         <name>CpuSysRegsFile</name>
         <uninitialized>true</uninitialized>
         <run_address>0x5d300</run_address>
         <size>0x9c</size>
         <input_file_ref idref="fl-5"/>
      </object_component>
      <object_component id="oc-5f1">
         <name>EPwm1RegsFile</name>
         <uninitialized>true</uninitialized>
         <run_address>0x4000</run_address>
         <size>0x100</size>
         <input_file_ref idref="fl-5"/>
      </object_component>
      <object_component id="oc-5f4">
         <name>EPwm2RegsFile</name>
         <uninitialized>true</uninitialized>
         <run_address>0x4100</run_address>
         <size>0x100</size>
         <input_file_ref idref="fl-5"/>
      </object_component>
      <object_component id="oc-5f7">
         <name>EPwm3RegsFile</name>
         <uninitialized>true</uninitialized>
         <run_address>0x4200</run_address>
         <size>0x100</size>
         <input_file_ref idref="fl-5"/>
      </object_component>
      <object_component id="oc-72a">
         <name>GpioCtrlRegsFile</name>
         <uninitialized>true</uninitialized>
         <run_address>0x7c00</run_address>
         <size>0x180</size>
         <input_file_ref idref="fl-5"/>
      </object_component>
      <object_component id="oc-5fa">
         <name>PieCtrlRegsFile</name>
         <uninitialized>true</uninitialized>
         <run_address>0xce0</run_address>
         <size>0x1a</size>
         <input_file_ref idref="fl-5"/>
      </object_component>
      <object_component id="oc-5fe">
         <name>.debug_types</name>
         <load_address>0x0</load_address>
         <run_address>0x0</run_address>
         <size>0x1ecaf</size>
         <input_file_ref idref="fl-2"/>
      </object_component>
      <object_component id="oc-62b">
         <name>.debug_types</name>
         <load_address>0x0</load_address>
         <run_address>0x0</run_address>
         <size>0x0</size>
         <input_file_ref idref="fl-4"/>
      </object_component>
      <object_component id="oc-720">
         <name>.debug_types</name>
         <load_address>0x1ecaf</load_address>
         <run_address>0x1ecaf</run_address>
         <size>0x626c7</size>
         <input_file_ref idref="fl-5"/>
      </object_component>
      <object_component id="oc-62e">
         <name>.debug_types</name>
         <load_address>0x81376</load_address>
         <run_address>0x81376</run_address>
         <size>0x5a</size>
         <input_file_ref idref="fl-8"/>
      </object_component>
      <object_component id="oc-7cb">
         <name>.debug_types</name>
         <load_address>0x813d0</load_address>
         <run_address>0x813d0</run_address>
         <size>0x127</size>
         <input_file_ref idref="fl-22"/>
      </object_component>
      <object_component id="oc-7c9">
         <name>.debug_types</name>
         <load_address>0x0</load_address>
         <run_address>0x0</run_address>
         <size>0x0</size>
         <input_file_ref idref="fl-23"/>
      </object_component>
      <object_component id="oc-774">
         <name>.debug_types</name>
         <load_address>0x0</load_address>
         <run_address>0x0</run_address>
         <size>0x0</size>
         <input_file_ref idref="fl-28"/>
      </object_component>
      <object_component id="oc-7d6">
         <name>.debug_types</name>
[...]
      </symbol>
      <symbol id="sm-863">
         <name>MCANSS_WAKE_AND_TS_PLS_ISR</name>
         <value>0x8627</value>
         <object_component_ref idref="oc-51a"/>
      </symbol>
      <symbol id="sm-864">
         <name>MCANSS1_ISR</name>
         <value>0x8613</value>
         <object_component_ref idref="oc-50e"/>
      </symbol>
      <symbol id="sm-865">
         <name>CLA1_2_ISR</name>
         <value>0x81a9</value>
         <object_component_ref idref="oc-334"/>
      </symbol>
      <symbol id="sm-866">
         <name>ECAT_ISR</name>
         <value>0x8375</value>
         <object_component_ref idref="oc-39a"/>
      </symbol>
      <symbol id="sm-867">
         <name>USER8_ISR</name>
         <value>0x8832</value>
         <object_component_ref idref="oc-148"/>
      </symbol>
      <symbol id="sm-868">
         <name>CM_STATUS_ISR</name>
         <value>0x82a3</value>
         <object_component_ref idref="oc-526"/>
      </symbol>
      <symbol id="sm-869">
         <name>MCBSPB_RX_ISR</name>
         <value>0x8645</value>
         <object_component_ref idref="oc-26e"/>
      </symbol>
      <symbol id="sm-86a">
         <name>MCBSPB_TX_ISR</name>
         <value>0x864f</value>
         <object_component_ref idref="oc-274"/>
      </symbol>
      <symbol id="sm-86b">
         <name>CLB4_ISR</name>
         <value>0x8221</value>
         <object_component_ref idref="oc-244"/>
      </symbol>
      <symbol id="sm-86c">
         <name>SPIB_RX_ISR</name>
         <value>0x875d</value>
         <object_component_ref idref="oc-256"/>
      </symbol>
      <symbol id="sm-86d">
         <name>SPIB_TX_ISR</name>
         <value>0x8767</value>
         <object_component_ref idref="oc-25c"/>
      </symbol>
      <symbol id="sm-86e">
         <name>ECAP3_ISR</name>
         <value>0x8311</value>
         <object_component_ref idref="oc-202"/>
      </symbol>
      <symbol id="sm-86f">
         <name>EPWM16_TZ_ISR</name>
         <value>0x840b</value>
         <object_component_ref idref="oc-3e2"/>
      </symbol>
      <symbol id="sm-870">
         <name>EPWM13_TZ_ISR</name>
         <value>0x83cf</value>
         <object_component_ref idref="oc-3d0"/>
      </symbol>
      <symbol id="sm-871">
         <name>EPWM1_ISR</name>
         <value>0x8415</value>
         <object_component_ref idref="oc-1c6"/>
      </symbol>
      <symbol id="sm-872">
         <name>CIPC3_ISR</name>
         <value>0x818b</value>
         <object_component_ref idref="oc-3b2"/>
      </symbol>
      <symbol id="sm-873">
         <name>DMA_CH2_ISR</name>
         <value>0x82cb</value>
         <object_component_ref idref="oc-280"/>
      </symbol>
      <symbol id="sm-874">
         <name>USER12_ISR</name>
         <value>0x87df</value>
         <object_component_ref idref="oc-160"/>
      </symbol>
      <symbol id="sm-875">
         <name>CMTOCPUXIPC0_ISR</name>
         <value>0x8253</value>
         <object_component_ref idref="oc-562"/>
      </symbol>
      <symbol id="sm-876">
         <name>EPWM16_ISR</name>
         <value>0x8401</value>
         <object_component_ref idref="oc-412"/>
      </symbol>
      <symbol id="sm-877">
         <name>XINT3_ISR</name>
         <value>0x8864</value>
         <object_component_ref idref="oc-35e"/>
      </symbol>
      <symbol id="sm-878">
         <name>USER1_ISR</name>
         <value>0x87e9</value>
         <object_component_ref idref="oc-11e"/>
      </symbol>
      <symbol id="sm-879">
         <name>CLA1_3_ISR</name>
         <value>0x81b3</value>
         <object_component_ref idref="oc-33a"/>
      </symbol>
      <symbol id="sm-87a">
         <name>I2CA_ISR</name>
         <value>0x85e1</value>
         <object_component_ref idref="oc-29e"/>
      </symbol>
      <symbol id="sm-87b">
         <name>CANA0_ISR</name>
         <value>0x8145</value>
         <object_component_ref idref="oc-2e6"/>
      </symbol>
      <symbol id="sm-87c">
         <name>CANB0_ISR</name>
         <value>0x8159</value>
         <object_component_ref idref="oc-2f2"/>
      </symbol>
      <symbol id="sm-87d">
         <name>CLB5_ISR</name>
         <value>0x822b</value>
         <object_component_ref idref="oc-4f0"/>
      </symbol>
      <symbol id="sm-87e">
         <name>ECAP7_2_ISR</name>
         <value>0x8343</value>
         <object_component_ref idref="oc-598"/>
      </symbol>
      <symbol id="sm-87f">
         <name>FSIRXA1_ISR</name>
         <value>0x8505</value>
         <object_component_ref idref="oc-430"/>
      </symbol>
      <symbol id="sm-880">
         <name>EPWM1_TZ_ISR</name>
         <value>0x841f</value>
         <object_component_ref idref="oc-196"/>
      </symbol>
      <symbol id="sm-881">
         <name>FSIRXB1_ISR</name>
         <value>0x8519</value>
         <object_component_ref idref="oc-43c"/>
      </symbol>
      <symbol id="sm-882">
         <name>FSIRXC1_ISR</name>
         <value>0x852d</value>
         <object_component_ref idref="oc-4a8"/>
      </symbol>
      <symbol id="sm-883">
         <name>FSIRXD1_ISR</name>
         <value>0x8541</value>
         <object_component_ref idref="oc-4b4"/>
      </symbol>
      <symbol id="sm-884">
         <name>I2CA_FIFO_ISR</name>
         <value>0x85cd</value>
         <object_component_ref idref="oc-2a4"/>
      </symbol>
      <symbol id="sm-885">
         <name>FSIRXE1_ISR</name>
         <value>0x8555</value>
         <object_component_ref idref="oc-4c0"/>
      </symbol>
      <symbol id="sm-886">
         <name>FSIRXF1_ISR</name>
         <value>0x8569</value>
         <object_component_ref idref="oc-4cc"/>
      </symbol>
      <symbol id="sm-887">
         <name>FSIRXG1_ISR</name>
         <value>0x857d</value>
         <object_component_ref idref="oc-4d8"/>
      </symbol>
      <symbol id="sm-888">
         <name>FSIRXH1_ISR</name>
         <value>0x8591</value>
         <object_component_ref idref="oc-4e4"/>
      </symbol>
      <symbol id="sm-889">
         <name>EPWM2_ISR</name>
         <value>0x8429</value>
         <object_component_ref idref="oc-1cc"/>
      </symbol>
      <symbol id="sm-88a">
         <name>USBA_ISR</name>
         <value>0x87c1</value>
         <object_component_ref idref="oc-52c"/>
      </symbol>
      <symbol id="sm-88b">
         <name>SDFM1DR4_ISR</name>
         <value>0x8703</value>
         <object_component_ref idref="oc-472"/>
      </symbol>
      <symbol id="sm-88c">
         <name>ADCD_EVT_ISR</name>
         <value>0x813b</value>
         <object_component_ref idref="oc-54a"/>
      </symbol>
      <symbol id="sm-88d">
         <name>DMA_CH3_ISR</name>
         <value>0x82d5</value>
         <object_component_ref idref="oc-286"/>
      </symbol>
      <symbol id="sm-88e">
         <name>FMC_ISR</name>
         <value>0x84e7</value>
         <object_component_ref idref="oc-376"/>
      </symbol>
      <symbol id="sm-88f">
         <name>ADCC_EVT_ISR</name>
         <value>0x8109</value>
         <object_component_ref idref="oc-532"/>
      </symbol>
      <symbol id="sm-890">
         <name>EPWM11_ISR</name>
         <value>0x839d</value>
         <object_component_ref idref="oc-3f4"/>
      </symbol>
      <symbol id="sm-891">
         <name>DATALOG_ISR</name>
         <value>0x82b7</value>
         <object_component_ref idref="oc-100"/>
      </symbol>
      <symbol id="sm-892">
         <name>XINT2_ISR</name>
         <value>0x885a</value>
         <object_component_ref idref="oc-17e"/>
      </symbol>
      <symbol id="sm-893">
         <name>PIE_RESERVED_ISR</name>
         <value>0x8677</value>
         <object_component_ref idref="oc-5b6"/>
      </symbol>
      <symbol id="sm-894">
         <name>SCIB_RX_ISR</name>
         <value>0x86a9</value>
         <object_component_ref idref="oc-2da"/>
      </symbol>
      <symbol id="sm-895">
         <name>SCIB_TX_ISR</name>
         <value>0x86b3</value>
         <object_component_ref idref="oc-2e0"/>
      </symbol>
      <symbol id="sm-896">
         <name>I2CB_ISR</name>
         <value>0x85f5</value>
         <object_component_ref idref="oc-2aa"/>
      </symbol>
      <symbol id="sm-897">
         <name>CANA1_ISR</name>
         <value>0x814f</value>
         <object_component_ref idref="oc-2ec"/>
      </symbol>
      <symbol id="sm-898">
         <name>SPIC_RX_ISR</name>
         <value>0x8771</value>
         <object_component_ref idref="oc-478"/>
      </symbol>
      <symbol id="sm-899">
         <name>CANB1_ISR</name>
         <value>0x8163</value>
         <object_component_ref idref="oc-2f8"/>
      </symbol>
      <symbol id="sm-89a">
         <name>CPUCRC_ISR</name>
         <value>0x82ad</value>
         <object_component_ref idref="oc-59e"/>
      </symbol>
      <symbol id="sm-89b">
         <name>CLB6_ISR</name>
         <value>0x8235</value>
         <object_component_ref idref="oc-4f6"/>
      </symbol>
      <symbol id="sm-89c">
         <name>SPIC_TX_ISR</name>
         <value>0x877b</value>
         <object_component_ref idref="oc-47e"/>
      </symbol>
      <symbol id="sm-89d">
         <name>EPWM15_TZ_ISR</name>
         <value>0x83f7</value>
         <object_component_ref idref="oc-3dc"/>
      </symbol>
      <symbol id="sm-89e">
         <name>FSIRXA2_ISR</name>
         <value>0x850f</value>
         <object_component_ref idref="oc-436"/>
      </symbol>
      <symbol id="sm-89f">
         <name>FSIRXB2_ISR</name>
         <value>0x8523</value>
         <object_component_ref idref="oc-442"/>
      </symbol>
      <symbol id="sm-8a0">
         <name>EPWM12_TZ_ISR</name>
         <value>0x83bb</value>
         <object_component_ref idref="oc-3ca"/>
      </symbol>
      <symbol id="sm-8a1">
         <name>FSIRXC2_ISR</name>
         <value>0x8537</value>
         <object_component_ref idref="oc-4ae"/>
      </symbol>
      <symbol id="sm-8a2">
         <name>ILLEGAL_ISR</name>
         <value>0x85ff</value>
         <object_component_ref idref="oc-118"/>
      </symbol>
      <symbol id="sm-8a3">
         <name>FSIRXD2_ISR</name>
         <value>0x854b</value>
         <object_component_ref idref="oc-4ba"/>
      </symbol>
      <symbol id="sm-8a4">
         <name>FSIRXE2_ISR</name>
         <value>0x855f</value>
         <object_component_ref idref="oc-4c6"/>
      </symbol>
      <symbol id="sm-8a5">
         <name>FSIRXF2_ISR</name>
         <value>0x8573</value>
         <object_component_ref idref="oc-4d2"/>
      </symbol>
      <symbol id="sm-8a6">
         <name>FSIRXG2_ISR</name>
         <value>0x8587</value>
         <object_component_ref idref="oc-4de"/>
      </symbol>
      <symbol id="sm-8a7">
         <name>FSIRXH2_ISR</name>
         <value>0x859b</value>
         <object_component_ref idref="oc-4ea"/>
      </symbol>
      <symbol id="sm-8a8">
         <name>EPWM3_ISR</name>
         <value>0x843d</value>
         <object_component_ref idref="oc-1d2"/>
      </symbol>
      <symbol id="sm-8a9">
         <name>I2CA_HIGH_ISR</name>
         <value>0x85d7</value>
         <object_component_ref idref="oc-388"/>
      </symbol>
      <symbol id="sm-8aa">
         <name>FPU_UFLOW_ISR</name>
         <value>0x84fb</value>
         <object_component_ref idref="oc-382"/>
      </symbol>
      <symbol id="sm-8ab">
         <name>TIMER0_ISR</name>
         <value>0x87a3</value>
         <object_component_ref idref="oc-18a"/>
      </symbol>
      <symbol id="sm-8ac">
         <name>EPWM10_ISR</name>
         <value>0x8389</value>
         <object_component_ref idref="oc-3ee"/>
      </symbol>
      <symbol id="sm-8ad">
         <name>USER3_ISR</name>
         <value>0x8800</value>
         <object_component_ref idref="oc-12a"/>
      </symbol>
      <symbol id="sm-8d6">
         <name>EPwm2Regs</name>
         <value>0x4100</value>
         <object_component_ref idref="oc-5f4"/>
      </symbol>
      <symbol id="sm-8d7">
         <name>EPwm3Regs</name>
         <value>0x4200</value>
         <object_component_ref idref="oc-5f7"/>
      </symbol>
      <symbol id="sm-8d8">
         <name>PieVectTable</name>
         <value>0xd00</value>
         <object_component_ref idref="oc-623"/>
      </symbol>
      <symbol id="sm-8d9">
         <name>GpioCtrlRegs</name>
         <value>0x7c00</value>
         <object_component_ref idref="oc-72a"/>
      </symbol>
      <symbol id="sm-8da">
         <name>CpuSysRegs</name>
         <value>0x5d300</value>
         <object_component_ref idref="oc-626"/>
      </symbol>
      <symbol id="sm-8db">
         <name>PieCtrlRegs</name>
         <value>0xce0</value>
         <object_component_ref idref="oc-5fa"/>
      </symbol>
      <symbol id="sm-8dc">
         <name>EPwm1Regs</name>
         <value>0x4000</value>
         <object_component_ref idref="oc-5f1"/>
      </symbol>
      <symbol id="sm-8e9">
         <name>PieVectTableInit</name>
         <value>0xa840</value>
         <object_component_ref idref="oc-f7"/>
      </symbol>
      <symbol id="sm-909">
         <name>cosl</name>
         <value>0xcd61</value>
         <object_component_ref idref="oc-764"/>
      </symbol>
      <symbol id="sm-90a">
         <name>cos</name>
         <value>0xcd61</value>
         <object_component_ref idref="oc-764"/>
      </symbol>
      <symbol id="sm-921">
         <name>sin</name>
         <value>0xcdd0</value>
         <object_component_ref idref="oc-75e"/>
      </symbol>
      <symbol id="sm-922">
         <name>sinl</name>
         <value>0xcdd0</value>
         <object_component_ref idref="oc-75e"/>
      </symbol>
      <symbol id="sm-92c">
         <name>_c_int00</name>
         <value>0x8000</value>
         <object_component_ref idref="oc-70d"/>
      </symbol>
      <symbol id="sm-92d">
         <name>__stack</name>
         <value>0x400</value>
         <object_component_ref idref="oc-5c8"/>
      </symbol>
      <symbol id="sm-93a">
         <name>__c28xabi_divf</name>
         <value>0xcb7c</value>
         <object_component_ref idref="oc-759"/>
      </symbol>
      <symbol id="sm-942">
         <name>__c28xabi_orll</name>
         <value>0x8021</value>
         <object_component_ref idref="oc-7f6"/>
      </symbol>
      <symbol id="sm-943">
         <name>__c28xabi_xorll</name>
         <value>0x8029</value>
         <object_component_ref idref="oc-7f6"/>
      </symbol>
      <symbol id="sm-944">
         <name>__c28xabi_andll</name>
         <value>0x8019</value>
         <object_component_ref idref="oc-7f6"/>
      </symbol>
      <symbol id="sm-952">
         <name>_system_pre_init</name>
         <value>0x87fd</value>
         <object_component_ref idref="oc-745"/>
      </symbol>
      <symbol id="sm-961">
         <name>__TI_auto_init_nobinit_nopinit</name>
         <value>0xcf28</value>
         <object_component_ref idref="oc-775"/>
      </symbol>
      <symbol id="sm-970">
         <name>__TI_zero_init_nomemset</name>
         <value>0x8064</value>
         <object_component_ref idref="oc-5d3"/>
      </symbol>
      <symbol id="sm-97d">
         <name>__TI_decompress_none</name>
         <value>0x888b</value>
         <object_component_ref idref="oc-d9"/>
      </symbol>
      <symbol id="sm-991">
         <name>__TI_decompress_lzss</name>
         <value>0xcef7</value>
         <object_component_ref idref="oc-d3"/>
      </symbol>
      <symbol id="sm-9a7">
         <name>C$$EXIT</name>
         <value>0xcfa7</value>
         <object_component_ref idref="oc-752"/>
      </symbol>
      <symbol id="sm-9a8">
         <name>abort</name>
         <value>0xcfa7</value>
         <object_component_ref idref="oc-752"/>
      </symbol>
      <symbol id="sm-9a9">
         <name>exit</name>
         <value>0xcfa9</value>
         <object_component_ref idref="oc-752"/>
      </symbol>
      <symbol id="sm-9aa">
         <name>__TI_dtors_ptr</name>
         <value>0xa80e</value>
         <object_component_ref idref="oc-7ad"/>
      </symbol>
      <symbol id="sm-9ab">
         <name>__TI_cleanup_ptr</name>
         <value>0xa80c</value>
         <object_component_ref idref="oc-7ad"/>
      </symbol>
      <symbol id="sm-9ac">
         <name>__TI_enable_exit_profile_output</name>
         <value>0xa80a</value>
         <object_component_ref idref="oc-7ad"/>
      </symbol>
      <symbol id="sm-9c3">
         <name>_nop</name>
         <value>0x888a</value>
         <object_component_ref idref="oc-7ea"/>
      </symbol>
      <symbol id="sm-9c4">
         <name>_lock</name>
         <value>0xa810</value>
         <object_component_ref idref="oc-7b0"/>
      </symbol>
      <symbol id="sm-9c5">
         <name>_unlock</name>
         <value>0xa812</value>
         <object_component_ref idref="oc-814"/>
      </symbol>
      <symbol id="sm-9c6">
         <name>_register_lock</name>
         <value>0x8886</value>
         <object_component_ref idref="oc-7ea"/>
      </symbol>
      <symbol id="sm-9c7">
         <name>_register_unlock</name>
         <value>0x8882</value>
         <object_component_ref idref="oc-7ea"/>
      </symbol>
      <symbol id="sm-9d6">
         <name>_args_main</name>
         <value>0x8071</value>
         <object_component_ref idref="oc-74c"/>
      </symbol>
      <symbol id="sm-9fa">
         <name>__rem_pio2</name>
         <value>0xc460</value>
         <object_component_ref idref="oc-7b6"/>
      </symbol>
      <symbol id="sm-a5c">
         <name>__kernel_rem_pio2</name>
         <value>0xc000</value>
         <object_component_ref idref="oc-7fb"/>
      </symbol>
      <symbol id="sm-a69">
         <name>__kernel_cos</name>
         <value>0xcc04</value>
         <object_component_ref idref="oc-7c2"/>
      </symbol>
      <symbol id="sm-a78">
         <name>__kernel_sin</name>
         <value>0xcaf1</value>
         <object_component_ref idref="oc-7bc"/>
      </symbol>
      <symbol id="sm-a90">
         <name>floorl</name>
         <value>0xca17</value>
         <object_component_ref idref="oc-82d"/>
      </symbol>
      <symbol id="sm-a91">
         <name>floor</name>
         <value>0xca17</value>
         <object_component_ref idref="oc-82d"/>
      </symbol>
      <symbol id="sm-aa5">
         <name>scalbn</name>
         <value>0xc733</value>
         <object_component_ref idref="oc-827"/>
      </symbol>
      <symbol id="sm-aa6">
         <name>scalbnl</name>
         <value>0xc733</value>
         <object_component_ref idref="oc-827"/>
      </symbol>
      <symbol id="sm-aa7">
         <name>ldexpl</name>
         <value>0xc733</value>
         <object_component_ref idref="oc-827"/>
      </symbol>
      <symbol id="sm-aa8">
         <name>ldexp</name>
         <value>0xc733</value>
         <object_component_ref idref="oc-827"/>
      </symbol>
      <symbol id="sm-ab5">
         <name>copysign</name>
         <value>0xcf7d</value>
         <object_component_ref idref="oc-84e"/>
      </symbol>
      <symbol id="sm-ab6">
         <name>copysignl</name>
         <value>0xcf7d</value>
         <object_component_ref idref="oc-84e"/>
      </symbol>
      <symbol id="sm-ac0">
         <name>__c28xabi_modi</name>
         <value>0xc7eb</value>
         <object_component_ref idref="oc-81f"/>
      </symbol>
      <symbol id="sm-ac1">
         <name>__c28xabi_divi</name>
         <value>0xc7da</value>
         <object_component_ref idref="oc-81f"/>
      </symbol>
      <symbol id="sm-ad4">
         <name>memcpy</name>
         <value>0xcfd0</value>
         <object_component_ref idref="oc-5cb"/>
      </symbol>
      <symbol id="sm-ae1">
         <name>_system_post_cinit</name>
         <value>0xc45f</value>
         <object_component_ref idref="oc-7cf"/>
      </symbol>
      <symbol id="sm-aec">
         <name>errno</name>
         <value>0xa814</value>
         <object_component_ref idref="oc-854"/>
      </symbol>
      <symbol id="sm-aee">
         <name>__c_args__</name>
         <value>0x0</value>
      </symbol>
   </symbol_table>
   <title>Link successful</title>
</link_info>
